12:53:07 **** Build of project microblaze_bsp ****
make -k all 
"Running Make include in microblaze_0/libsrc/bram_v4_2/src"
make -C microblaze_0/libsrc/bram_v4_2/src -s include  "SHELL=CMD" "COMPILER=mb-gcc" "ARCHIVER=mb-ar" "COMPILER_FLAGS= -O2 -c -mcpu=v10.0 -mlittle-endian -mxl-soft-mul" "EXTRA_COMPILER_FLAGS=-ffunction-sections -fdata-sections -Wall -Wextra"
"Running Make include in microblaze_0/libsrc/cpu_v2_6/src"
make -C microblaze_0/libsrc/cpu_v2_6/src -s include  "SHELL=CMD" "COMPILER=mb-gcc" "ARCHIVER=mb-ar" "COMPILER_FLAGS= -O2 -c -mcpu=v10.0 -mlittle-endian -mxl-soft-mul" "EXTRA_COMPILER_FLAGS=-ffunction-sections -fdata-sections -Wall -Wextra"
"Running Make include in microblaze_0/libsrc/gpio_v4_3/src"
make -C microblaze_0/libsrc/gpio_v4_3/src -s include  "SHELL=CMD" "COMPILER=mb-gcc" "ARCHIVER=mb-ar" "COMPILER_FLAGS= -O2 -c -mcpu=v10.0 -mlittle-endian -mxl-soft-mul" "EXTRA_COMPILER_FLAGS=-ffunction-sections -fdata-sections -Wall -Wextra"
"Running Make include in microblaze_0/libsrc/standalone_v6_4/src"
make -C microblaze_0/libsrc/standalone_v6_4/src -s include  "SHELL=CMD" "COMPILER=mb-gcc" "ARCHIVER=mb-ar" "COMPILER_FLAGS= -O2 -c -mcpu=v10.0 -mlittle-endian -mxl-soft-mul" "EXTRA_COMPILER_FLAGS=-ffunction-sections -fdata-sections -Wall -Wextra"
"Running Make include in microblaze_0/libsrc/uartlite_v3_2/src"
make -C microblaze_0/libsrc/uartlite_v3_2/src -s include  "SHELL=CMD" "COMPILER=mb-gcc" "ARCHIVER=mb-ar" "COMPILER_FLAGS= -O2 -c -mcpu=v10.0 -mlittle-endian -mxl-soft-mul" "EXTRA_COMPILER_FLAGS=-ffunction-sections -fdata-sections -Wall -Wextra"
"Running Make libs in microblaze_0/libsrc/bram_v4_2/src"
make -C microblaze_0/libsrc/bram_v4_2/src -s libs  "SHELL=CMD" "COMPILER=mb-gcc" "ARCHIVER=mb-ar" "COMPILER_FLAGS= -O2 -c -mcpu=v10.0 -mlittle-endian -mxl-soft-mul" "EXTRA_COMPILER_FLAGS=-ffunction-sections -fdata-sections -Wall -Wextra"
"Compiling bram"
mb-ar: creating ../../../lib/libxil.a
"Running Make libs in microblaze_0/libsrc/cpu_v2_6/src"
make -C microblaze_0/libsrc/cpu_v2_6/src -s libs  "SHELL=CMD" "COMPILER=mb-gcc" "ARCHIVER=mb-ar" "COMPILER_FLAGS= -O2 -c -mcpu=v10.0 -mlittle-endian -mxl-soft-mul" "EXTRA_COMPILER_FLAGS=-ffunction-sections -fdata-sections -Wall -Wextra"
"Compiling cpu"
"Running Make libs in microblaze_0/libsrc/gpio_v4_3/src"
make -C microblaze_0/libsrc/gpio_v4_3/src -s libs  "SHELL=CMD" "COMPILER=mb-gcc" "ARCHIVER=mb-ar" "COMPILER_FLAGS= -O2 -c -mcpu=v10.0 -mlittle-endian -mxl-soft-mul" "EXTRA_COMPILER_FLAGS=-ffunction-sections -fdata-sections -Wall -Wextra"
"Compiling gpio"
"Running Make libs in microblaze_0/libsrc/standalone_v6_4/src"
make -C microblaze_0/libsrc/standalone_v6_4/src -s libs  "SHELL=CMD" "COMPILER=mb-gcc" "ARCHIVER=mb-ar" "COMPILER_FLAGS= -O2 -c -mcpu=v10.0 -mlittle-endian -mxl-soft-mul" "EXTRA_COMPILER_FLAGS=-ffunction-sections -fdata-sections -Wall -Wextra"
"Compiling standalone";
"Running Make libs in microblaze_0/libsrc/uartlite_v3_2/src"
make -C microblaze_0/libsrc/uartlite_v3_2/src -s libs  "SHELL=CMD" "COMPILER=mb-gcc" "ARCHIVER=mb-ar" "COMPILER_FLAGS= -O2 -c -mcpu=v10.0 -mlittle-endian -mxl-soft-mul" "EXTRA_COMPILER_FLAGS=-ffunction-sections -fdata-sections -Wall -Wextra"
"Compiling uartlite"
'Finished building libraries'

**** Build of configuration Debug for project microblaze ****

Nothing to build for project microblaze
12:54:03 **** Auto Build of configuration Debug for project microblaze ****
make all 
'Building file: ../src/main.c'
'Invoking: MicroBlaze gcc compiler'
mb-gcc -Wall -O0 -g3 -c -fmessage-length=0 -MT"src/main.o" -I../../microblaze_bsp/microblaze_0/include -mlittle-endian -mcpu=v10.0 -mxl-soft-mul -Wl,--no-relax -ffunction-sections -fdata-sections -MMD -MP -MF"src/main.d" -MT"src/main.o" -o "src/main.o" "../src/main.c"
'Finished building: ../src/main.c'
' '
'Building target: microblaze.elf'
'Invoking: MicroBlaze gcc linker'
mb-gcc -Wl,-T -Wl,../src/lscript.ld -L../../microblaze_bsp/microblaze_0/lib -mlittle-endian -mcpu=v10.0 -mxl-soft-mul -Wl,--no-relax -Wl,--gc-sections -o "microblaze.elf"  ./src/main.o   -Wl,--start-group,-lxil,-lgcc,-lc,--end-group
c:/xilinx/sdk/2017.3/gnu/microblaze/nt/bin/../lib/gcc/microblaze-xilinx-elf/6.2.0/../../../../microblaze-xilinx-elf/lib/le/crtinit.o: In function `_crtinit':
(.text+0x78): undefined reference to `main'
collect2.exe: error: ld returned 1 exit status
make: *** [microblaze.elf] Error 1
12:54:07 **** Auto Build of configuration Debug for project microblaze ****
make all 
'Building target: microblaze.elf'
'Invoking: MicroBlaze gcc linker'
mb-gcc -Wl,-T -Wl,../src/lscript.ld -L../../microblaze_bsp/microblaze_0/lib -mlittle-endian -mcpu=v10.0 -mxl-soft-mul -Wl,--no-relax -Wl,--gc-sections -o "microblaze.elf"  ./src/main.o   -Wl,--start-group,-lxil,-lgcc,-lc,--end-group
c:/xilinx/sdk/2017.3/gnu/microblaze/nt/bin/../lib/gcc/microblaze-xilinx-elf/6.2.0/../../../../microblaze-xilinx-elf/lib/le/crtinit.o: In function `_crtinit':
(.text+0x78): undefined reference to `main'
collect2.exe: error: ld returned 1 exit status
make: *** [microblaze.elf] Error 1
12:54:15 **** Auto Build of configuration Debug for project microblaze ****
make all 
'Building file: ../src/main.c'
'Invoking: MicroBlaze gcc compiler'
mb-gcc -Wall -O0 -g3 -c -fmessage-length=0 -MT"src/main.o" -I../../microblaze_bsp/microblaze_0/include -mlittle-endian -mcpu=v10.0 -mxl-soft-mul -Wl,--no-relax -ffunction-sections -fdata-sections -MMD -MP -MF"src/main.d" -MT"src/main.o" -o "src/main.o" "../src/main.c"
../src/main.c: In function 'main':
../src/main.c:91:2: warning: implicit declaration of function 'setGPIO' [-Wimplicit-function-declaration]
  setGPIO();
  ^~~~~~~
../src/main.c:103:2: warning: implicit declaration of function 'waitFor' [-Wimplicit-function-declaration]
  waitFor(100000);
  ^~~~~~~
../src/main.c:106:4: warning: implicit declaration of function 'drawPixel' [-Wimplicit-function-declaration]
    drawPixel(x, y, 0xFFFFFF);
    ^~~~~~~~~
../src/main.c:128:3: warning: implicit declaration of function 'updateNumbers' [-Wimplicit-function-declaration]
   updateNumbers(currentValue - 41);
   ^~~~~~~~~~~~~
../src/main.c: At top level:
../src/main.c:135:6: warning: conflicting types for 'setGPIO'
 void setGPIO() {
      ^~~~~~~
../src/main.c:91:2: note: previous implicit declaration of 'setGPIO' was here
  setGPIO();
  ^~~~~~~
../src/main.c:148:6: warning: conflicting types for 'drawPixel'
 void drawPixel(int x, int y, int color){
      ^~~~~~~~~
../src/main.c:106:4: note: previous implicit declaration of 'drawPixel' was here
    drawPixel(x, y, 0xFFFFFF);
    ^~~~~~~~~
../src/main.c:187:6: warning: conflicting types for 'waitFor'
 void waitFor(numCycles){
      ^~~~~~~
../src/main.c:103:2: note: previous implicit declaration of 'waitFor' was here
  waitFor(100000);
  ^~~~~~~
../src/main.c: In function 'waitFor':
../src/main.c:187:6: warning: type of 'numCycles' defaults to 'int' [-Wimplicit-int]
 void waitFor(numCycles){
      ^~~~~~~
../src/main.c: At top level:
../src/main.c:231:6: warning: conflicting types for 'updateNumbers'
 void updateNumbers(int number){
      ^~~~~~~~~~~~~
../src/main.c:128:3: note: previous implicit declaration of 'updateNumbers' was here
   updateNumbers(currentValue - 41);
   ^~~~~~~~~~~~~
../src/main.c: In function 'updateNumbers':
../src/main.c:232:2: warning: implicit declaration of function 'drawCenti' [-Wimplicit-function-declaration]
  drawCenti(number, 0, 0);
  ^~~~~~~~~
../src/main.c:233:2: warning: implicit declaration of function 'drawInch' [-Wimplicit-function-declaration]
  drawInch(number, 46, 0);
  ^~~~~~~~
../src/main.c: At top level:
../src/main.c:235:6: warning: conflicting types for 'drawCenti'
 void drawCenti(int number, int xStart, int yStart){
      ^~~~~~~~~
../src/main.c:232:2: note: previous implicit declaration of 'drawCenti' was here
  drawCenti(number, 0, 0);
  ^~~~~~~~~
../src/main.c:239:6: warning: conflicting types for 'drawInch'
 void drawInch(int number, int xStart, int yStart){
      ^~~~~~~~
../src/main.c:233:2: note: previous implicit declaration of 'drawInch' was here
  drawInch(number, 46, 0);
  ^~~~~~~~
'Finished building: ../src/main.c'
' '
'Building target: microblaze.elf'
'Invoking: MicroBlaze gcc linker'
mb-gcc -Wl,-T -Wl,../src/lscript.ld -L../../microblaze_bsp/microblaze_0/lib -mlittle-endian -mcpu=v10.0 -mxl-soft-mul -Wl,--no-relax -Wl,--gc-sections -o "microblaze.elf"  ./src/main.o   -Wl,--start-group,-lxil,-lgcc,-lc,--end-group
'Finished building target: microblaze.elf'
' '
'Invoking: MicroBlaze Print Size'
mb-size microblaze.elf  |tee "microblaze.elf.size"
   text	   data	    bss	    dec	    hex	filename
  11668	   2600	   3180	  17448	   4428	microblaze.elf
'Finished building: microblaze.elf.size'
' '
12:54:24 **** Incremental Build of configuration Debug for project microblaze ****
make all 
make: Nothing to be done for `all'.
12:57:46 **** Auto Build of configuration Debug for project microblaze ****
make all 
'Building file: ../src/main.c'
'Invoking: MicroBlaze gcc compiler'
mb-gcc -Wall -O0 -g3 -c -fmessage-length=0 -MT"src/main.o" -I../../microblaze_bsp/microblaze_0/include -mlittle-endian -mcpu=v10.0 -mxl-soft-mul -Wl,--no-relax -ffunction-sections -fdata-sections -MMD -MP -MF"src/main.d" -MT"src/main.o" -o "src/main.o" "../src/main.c"
../src/main.c: In function 'main':
../src/main.c:91:2: warning: implicit declaration of function 'setGPIO' [-Wimplicit-function-declaration]
  setGPIO();
  ^~~~~~~
../src/main.c:103:2: warning: implicit declaration of function 'waitFor' [-Wimplicit-function-declaration]
  waitFor(100000);
  ^~~~~~~
../src/main.c:106:4: warning: implicit declaration of function 'drawPixel' [-Wimplicit-function-declaration]
    drawPixel(x, y, 0xFFFFFF);
    ^~~~~~~~~
../src/main.c:127:21: error: expected expression before ')' token
   if(currentValue > )
                     ^
../src/main.c:128:3: warning: implicit declaration of function 'updateNumbers' [-Wimplicit-function-declaration]
   updateNumbers(currentValue);
   ^~~~~~~~~~~~~
../src/main.c: At top level:
../src/main.c:135:6: warning: conflicting types for 'setGPIO'
 void setGPIO() {
      ^~~~~~~
../src/main.c:91:2: note: previous implicit declaration of 'setGPIO' was here
  setGPIO();
  ^~~~~~~
../src/main.c:148:6: warning: conflicting types for 'drawPixel'
 void drawPixel(int x, int y, int color){
      ^~~~~~~~~
../src/main.c:106:4: note: previous implicit declaration of 'drawPixel' was here
    drawPixel(x, y, 0xFFFFFF);
    ^~~~~~~~~
../src/main.c:187:6: warning: conflicting types for 'waitFor'
 void waitFor(numCycles){
      ^~~~~~~
../src/main.c:103:2: note: previous implicit declaration of 'waitFor' was here
  waitFor(100000);
  ^~~~~~~
../src/main.c: In function 'waitFor':
../src/main.c:187:6: warning: type of 'numCycles' defaults to 'int' [-Wimplicit-int]
 void waitFor(numCycles){
      ^~~~~~~
../src/main.c: At top level:
../src/main.c:231:6: warning: conflicting types for 'updateNumbers'
 void updateNumbers(int number){
      ^~~~~~~~~~~~~
../src/main.c:128:3: note: previous implicit declaration of 'updateNumbers' was here
   updateNumbers(currentValue);
   ^~~~~~~~~~~~~
../src/main.c: In function 'updateNumbers':
../src/main.c:232:2: warning: implicit declaration of function 'drawCenti' [-Wimplicit-function-declaration]
  drawCenti(number, 0, 0);
  ^~~~~~~~~
../src/main.c:233:2: warning: implicit declaration of function 'drawInch' [-Wimplicit-function-declaration]
  drawInch(number, 46, 0);
  ^~~~~~~~
../src/main.c: At top level:
../src/main.c:235:6: warning: conflicting types for 'drawCenti'
 void drawCenti(int number, int xStart, int yStart){
      ^~~~~~~~~
../src/main.c:232:2: note: previous implicit declaration of 'drawCenti' was here
  drawCenti(number, 0, 0);
  ^~~~~~~~~
../src/main.c:239:6: warning: conflicting types for 'drawInch'
 void drawInch(int number, int xStart, int yStart){
      ^~~~~~~~
../src/main.c:233:2: note: previous implicit declaration of 'drawInch' was here
  drawInch(number, 46, 0);
  ^~~~~~~~
make: *** [src/main.o] Error 1
12:57:50 **** Auto Build of configuration Debug for project microblaze ****
make all 
'Building file: ../src/main.c'
'Invoking: MicroBlaze gcc compiler'
mb-gcc -Wall -O0 -g3 -c -fmessage-length=0 -MT"src/main.o" -I../../microblaze_bsp/microblaze_0/include -mlittle-endian -mcpu=v10.0 -mxl-soft-mul -Wl,--no-relax -ffunction-sections -fdata-sections -MMD -MP -MF"src/main.d" -MT"src/main.o" -o "src/main.o" "../src/main.c"
../src/main.c: In function 'main':
../src/main.c:91:2: warning: implicit declaration of function 'setGPIO' [-Wimplicit-function-declaration]
  setGPIO();
  ^~~~~~~
../src/main.c:103:2: warning: implicit declaration of function 'waitFor' [-Wimplicit-function-declaration]
  waitFor(100000);
  ^~~~~~~
../src/main.c:106:4: warning: implicit declaration of function 'drawPixel' [-Wimplicit-function-declaration]
    drawPixel(x, y, 0xFFFFFF);
    ^~~~~~~~~
../src/main.c:128:3: warning: implicit declaration of function 'updateNumbers' [-Wimplicit-function-declaration]
   updateNumbers(currentValue);
   ^~~~~~~~~~~~~
../src/main.c: At top level:
../src/main.c:135:6: warning: conflicting types for 'setGPIO'
 void setGPIO() {
      ^~~~~~~
../src/main.c:91:2: note: previous implicit declaration of 'setGPIO' was here
  setGPIO();
  ^~~~~~~
../src/main.c:148:6: warning: conflicting types for 'drawPixel'
 void drawPixel(int x, int y, int color){
      ^~~~~~~~~
../src/main.c:106:4: note: previous implicit declaration of 'drawPixel' was here
    drawPixel(x, y, 0xFFFFFF);
    ^~~~~~~~~
../src/main.c:187:6: warning: conflicting types for 'waitFor'
 void waitFor(numCycles){
      ^~~~~~~
../src/main.c:103:2: note: previous implicit declaration of 'waitFor' was here
  waitFor(100000);
  ^~~~~~~
../src/main.c: In function 'waitFor':
../src/main.c:187:6: warning: type of 'numCycles' defaults to 'int' [-Wimplicit-int]
 void waitFor(numCycles){
      ^~~~~~~
../src/main.c: At top level:
../src/main.c:231:6: warning: conflicting types for 'updateNumbers'
 void updateNumbers(int number){
      ^~~~~~~~~~~~~
../src/main.c:128:3: note: previous implicit declaration of 'updateNumbers' was here
   updateNumbers(currentValue);
   ^~~~~~~~~~~~~
../src/main.c: In function 'updateNumbers':
../src/main.c:232:2: warning: implicit declaration of function 'drawCenti' [-Wimplicit-function-declaration]
  drawCenti(number, 0, 0);
  ^~~~~~~~~
../src/main.c:233:2: warning: implicit declaration of function 'drawInch' [-Wimplicit-function-declaration]
  drawInch(number, 46, 0);
  ^~~~~~~~
../src/main.c: At top level:
../src/main.c:235:6: warning: conflicting types for 'drawCenti'
 void drawCenti(int number, int xStart, int yStart){
      ^~~~~~~~~
../src/main.c:232:2: note: previous implicit declaration of 'drawCenti' was here
  drawCenti(number, 0, 0);
  ^~~~~~~~~
../src/main.c:239:6: warning: conflicting types for 'drawInch'
 void drawInch(int number, int xStart, int yStart){
      ^~~~~~~~
../src/main.c:233:2: note: previous implicit declaration of 'drawInch' was here
  drawInch(number, 46, 0);
  ^~~~~~~~
'Finished building: ../src/main.c'
' '
'Building target: microblaze.elf'
'Invoking: MicroBlaze gcc linker'
mb-gcc -Wl,-T -Wl,../src/lscript.ld -L../../microblaze_bsp/microblaze_0/lib -mlittle-endian -mcpu=v10.0 -mxl-soft-mul -Wl,--no-relax -Wl,--gc-sections -o "microblaze.elf"  ./src/main.o   -Wl,--start-group,-lxil,-lgcc,-lc,--end-group
'Finished building target: microblaze.elf'
' '
'Invoking: MicroBlaze Print Size'
mb-size microblaze.elf  |tee "microblaze.elf.size"
   text	   data	    bss	    dec	    hex	filename
  11660	   2600	   3180	  17440	   4420	microblaze.elf
'Finished building: microblaze.elf.size'
' '
12:57:53 **** Incremental Build of configuration Debug for project microblaze ****
make all 
make: Nothing to be done for `all'.
13:12:17 **** Auto Build of configuration Debug for project microblaze ****
make all 
'Building file: ../src/main.c'
'Invoking: MicroBlaze gcc compiler'
mb-gcc -Wall -O0 -g3 -c -fmessage-length=0 -MT"src/main.o" -I../../microblaze_bsp/microblaze_0/include -mlittle-endian -mcpu=v10.0 -mxl-soft-mul -Wl,--no-relax -ffunction-sections -fdata-sections -MMD -MP -MF"src/main.d" -MT"src/main.o" -o "src/main.o" "../src/main.c"
../src/main.c: In function 'main':
../src/main.c:91:2: warning: implicit declaration of function 'setGPIO' [-Wimplicit-function-declaration]
  setGPIO();
  ^~~~~~~
../src/main.c:103:2: warning: implicit declaration of function 'waitFor' [-Wimplicit-function-declaration]
  waitFor(100000);
  ^~~~~~~
../src/main.c:106:4: warning: implicit declaration of function 'drawPixel' [-Wimplicit-function-declaration]
    drawPixel(x, y, 0xFFFFFF);
    ^~~~~~~~~
../src/main.c:133:14: warning: comparisons like 'X<=Y<=Z' do not have their mathematical meaning [-Wparentheses]
   }else if(4 < currentValue < 6.7){
            ~~^~~~~~~~~~~~~~
../src/main.c:135:31: warning: comparison of constant '8' with boolean expression is always true [-Wbool-compare]
   }else if(6.7 < currentValue < 8){
                               ^
../src/main.c:135:16: warning: comparisons like 'X<=Y<=Z' do not have their mathematical meaning [-Wparentheses]
   }else if(6.7 < currentValue < 8){
            ~~~~^~~~~~~~~~~~~~
../src/main.c:137:15: warning: comparisons like 'X<=Y<=Z' do not have their mathematical meaning [-Wparentheses]
   }else if (8 < currentValue < 11.9) {
             ~~^~~~~~~~~~~~~~
../src/main.c:139:33: warning: comparison of constant '15' with boolean expression is always true [-Wbool-compare]
   }else if (11.9 < currentValue < 15) {
                                 ^
../src/main.c:139:18: warning: comparisons like 'X<=Y<=Z' do not have their mathematical meaning [-Wparentheses]
   }else if (11.9 < currentValue < 15) {
             ~~~~~^~~~~~~~~~~~~~
../src/main.c:141:3: error: expected expression before '}' token
   }
   ^
../src/main.c: At top level:
../src/main.c:147:6: warning: conflicting types for 'setGPIO'
 void setGPIO() {
      ^~~~~~~
../src/main.c:91:2: note: previous implicit declaration of 'setGPIO' was here
  setGPIO();
  ^~~~~~~
../src/main.c:160:6: warning: conflicting types for 'drawPixel'
 void drawPixel(int x, int y, int color){
      ^~~~~~~~~
../src/main.c:106:4: note: previous implicit declaration of 'drawPixel' was here
    drawPixel(x, y, 0xFFFFFF);
    ^~~~~~~~~
../src/main.c:199:6: warning: conflicting types for 'waitFor'
 void waitFor(numCycles){
      ^~~~~~~
../src/main.c:103:2: note: previous implicit declaration of 'waitFor' was here
  waitFor(100000);
  ^~~~~~~
../src/main.c: In function 'waitFor':
../src/main.c:199:6: warning: type of 'numCycles' defaults to 'int' [-Wimplicit-int]
 void waitFor(numCycles){
      ^~~~~~~
../src/main.c: In function 'updateNumbers':
../src/main.c:244:2: warning: implicit declaration of function 'drawCenti' [-Wimplicit-function-declaration]
  drawCenti(number, 0, 0);
  ^~~~~~~~~
../src/main.c:245:2: warning: implicit declaration of function 'drawInch' [-Wimplicit-function-declaration]
  drawInch(number, 46, 0);
  ^~~~~~~~
../src/main.c: At top level:
../src/main.c:247:6: warning: conflicting types for 'drawCenti'
 void drawCenti(int number, int xStart, int yStart){
      ^~~~~~~~~
../src/main.c:244:2: note: previous implicit declaration of 'drawCenti' was here
  drawCenti(number, 0, 0);
  ^~~~~~~~~
../src/main.c:251:6: warning: conflicting types for 'drawInch'
 void drawInch(int number, int xStart, int yStart){
      ^~~~~~~~
../src/main.c:245:2: note: previous implicit declaration of 'drawInch' was here
  drawInch(number, 46, 0);
  ^~~~~~~~
make: *** [src/main.o] Error 1
13:15:55 **** Auto Build of configuration Debug for project microblaze ****
make all 
'Building file: ../src/main.c'
'Invoking: MicroBlaze gcc compiler'
mb-gcc -Wall -O0 -g3 -c -fmessage-length=0 -MT"src/main.o" -I../../microblaze_bsp/microblaze_0/include -mlittle-endian -mcpu=v10.0 -mxl-soft-mul -Wl,--no-relax -ffunction-sections -fdata-sections -MMD -MP -MF"src/main.d" -MT"src/main.o" -o "src/main.o" "../src/main.c"
../src/main.c: In function 'main':
../src/main.c:91:2: warning: implicit declaration of function 'setGPIO' [-Wimplicit-function-declaration]
  setGPIO();
  ^~~~~~~
../src/main.c:103:2: warning: implicit declaration of function 'waitFor' [-Wimplicit-function-declaration]
  waitFor(100000);
  ^~~~~~~
../src/main.c:106:4: warning: implicit declaration of function 'drawPixel' [-Wimplicit-function-declaration]
    drawPixel(x, y, 0xFFFFFF);
    ^~~~~~~~~
../src/main.c:133:29: error: expected ')' before 'and'
   }else if(4 < currentValue and currentValye < 6.7){
                             ^~~
../src/main.c:135:31: warning: comparison of constant '8' with boolean expression is always true [-Wbool-compare]
   }else if(6.7 < currentValue < 8){
                               ^
../src/main.c:135:16: warning: comparisons like 'X<=Y<=Z' do not have their mathematical meaning [-Wparentheses]
   }else if(6.7 < currentValue < 8){
            ~~~~^~~~~~~~~~~~~~
../src/main.c:137:15: warning: comparisons like 'X<=Y<=Z' do not have their mathematical meaning [-Wparentheses]
   }else if (8 < currentValue < 11.9) {
             ~~^~~~~~~~~~~~~~
../src/main.c:139:33: warning: comparison of constant '15' with boolean expression is always true [-Wbool-compare]
   }else if (11.9 < currentValue < 15) {
                                 ^
../src/main.c:139:18: warning: comparisons like 'X<=Y<=Z' do not have their mathematical meaning [-Wparentheses]
   }else if (11.9 < currentValue < 15) {
             ~~~~~^~~~~~~~~~~~~~
../src/main.c: At top level:
../src/main.c:147:6: warning: conflicting types for 'setGPIO'
 void setGPIO() {
      ^~~~~~~
../src/main.c:91:2: note: previous implicit declaration of 'setGPIO' was here
  setGPIO();
  ^~~~~~~
../src/main.c:160:6: warning: conflicting types for 'drawPixel'
 void drawPixel(int x, int y, int color){
      ^~~~~~~~~
../src/main.c:106:4: note: previous implicit declaration of 'drawPixel' was here
    drawPixel(x, y, 0xFFFFFF);
    ^~~~~~~~~
../src/main.c:199:6: warning: conflicting types for 'waitFor'
 void waitFor(numCycles){
      ^~~~~~~
../src/main.c:103:2: note: previous implicit declaration of 'waitFor' was here
  waitFor(100000);
  ^~~~~~~
../src/main.c: In function 'waitFor':
../src/main.c:199:6: warning: type of 'numCycles' defaults to 'int' [-Wimplicit-int]
 void waitFor(numCycles){
      ^~~~~~~
../src/main.c: In function 'updateNumbers':
../src/main.c:244:2: warning: implicit declaration of function 'drawCenti' [-Wimplicit-function-declaration]
  drawCenti(number, 0, 0);
  ^~~~~~~~~
../src/main.c:245:2: warning: implicit declaration of function 'drawInch' [-Wimplicit-function-declaration]
  drawInch(number, 46, 0);
  ^~~~~~~~
../src/main.c: At top level:
../src/main.c:247:6: warning: conflicting types for 'drawCenti'
 void drawCenti(int number, int xStart, int yStart){
      ^~~~~~~~~
../src/main.c:244:2: note: previous implicit declaration of 'drawCenti' was here
  drawCenti(number, 0, 0);
  ^~~~~~~~~
../src/main.c:251:6: warning: conflicting types for 'drawInch'
 void drawInch(int number, int xStart, int yStart){
      ^~~~~~~~
../src/main.c:245:2: note: previous implicit declaration of 'drawInch' was here
  drawInch(number, 46, 0);
  ^~~~~~~~
make: *** [src/main.o] Error 1
13:16:04 **** Auto Build of configuration Debug for project microblaze ****
make all 
'Building file: ../src/main.c'
'Invoking: MicroBlaze gcc compiler'
mb-gcc -Wall -O0 -g3 -c -fmessage-length=0 -MT"src/main.o" -I../../microblaze_bsp/microblaze_0/include -mlittle-endian -mcpu=v10.0 -mxl-soft-mul -Wl,--no-relax -ffunction-sections -fdata-sections -MMD -MP -MF"src/main.d" -MT"src/main.o" -o "src/main.o" "../src/main.c"
../src/main.c: In function 'main':
../src/main.c:91:2: warning: implicit declaration of function 'setGPIO' [-Wimplicit-function-declaration]
  setGPIO();
  ^~~~~~~
../src/main.c:103:2: warning: implicit declaration of function 'waitFor' [-Wimplicit-function-declaration]
  waitFor(100000);
  ^~~~~~~
../src/main.c:106:4: warning: implicit declaration of function 'drawPixel' [-Wimplicit-function-declaration]
    drawPixel(x, y, 0xFFFFFF);
    ^~~~~~~~~
../src/main.c:133:16: error: 'currentValye' undeclared (first use in this function)
   }else if(4 < currentValye < 6.7){
                ^~~~~~~~~~~~
../src/main.c:133:16: note: each undeclared identifier is reported only once for each function it appears in
../src/main.c:135:31: warning: comparison of constant '8' with boolean expression is always true [-Wbool-compare]
   }else if(6.7 < currentValue < 8){
                               ^
../src/main.c:135:16: warning: comparisons like 'X<=Y<=Z' do not have their mathematical meaning [-Wparentheses]
   }else if(6.7 < currentValue < 8){
            ~~~~^~~~~~~~~~~~~~
../src/main.c:137:15: warning: comparisons like 'X<=Y<=Z' do not have their mathematical meaning [-Wparentheses]
   }else if (8 < currentValue < 11.9) {
             ~~^~~~~~~~~~~~~~
../src/main.c:139:33: warning: comparison of constant '15' with boolean expression is always true [-Wbool-compare]
   }else if (11.9 < currentValue < 15) {
                                 ^
../src/main.c:139:18: warning: comparisons like 'X<=Y<=Z' do not have their mathematical meaning [-Wparentheses]
   }else if (11.9 < currentValue < 15) {
             ~~~~~^~~~~~~~~~~~~~
../src/main.c: At top level:
../src/main.c:147:6: warning: conflicting types for 'setGPIO'
 void setGPIO() {
      ^~~~~~~
../src/main.c:91:2: note: previous implicit declaration of 'setGPIO' was here
  setGPIO();
  ^~~~~~~
../src/main.c:160:6: warning: conflicting types for 'drawPixel'
 void drawPixel(int x, int y, int color){
      ^~~~~~~~~
../src/main.c:106:4: note: previous implicit declaration of 'drawPixel' was here
    drawPixel(x, y, 0xFFFFFF);
    ^~~~~~~~~
../src/main.c:199:6: warning: conflicting types for 'waitFor'
 void waitFor(numCycles){
      ^~~~~~~
../src/main.c:103:2: note: previous implicit declaration of 'waitFor' was here
  waitFor(100000);
  ^~~~~~~
../src/main.c: In function 'waitFor':
../src/main.c:199:6: warning: type of 'numCycles' defaults to 'int' [-Wimplicit-int]
 void waitFor(numCycles){
      ^~~~~~~
../src/main.c: In function 'updateNumbers':
../src/main.c:244:2: warning: implicit declaration of function 'drawCenti' [-Wimplicit-function-declaration]
  drawCenti(number, 0, 0);
  ^~~~~~~~~
../src/main.c:245:2: warning: implicit declaration of function 'drawInch' [-Wimplicit-function-declaration]
  drawInch(number, 46, 0);
  ^~~~~~~~
../src/main.c: At top level:
../src/main.c:247:6: warning: conflicting types for 'drawCenti'
 void drawCenti(int number, int xStart, int yStart){
      ^~~~~~~~~
../src/main.c:244:2: note: previous implicit declaration of 'drawCenti' was here
  drawCenti(number, 0, 0);
  ^~~~~~~~~
../src/main.c:251:6: warning: conflicting types for 'drawInch'
 void drawInch(int number, int xStart, int yStart){
      ^~~~~~~~
../src/main.c:245:2: note: previous implicit declaration of 'drawInch' was here
  drawInch(number, 46, 0);
  ^~~~~~~~
make: *** [src/main.o] Error 1
13:16:11 **** Auto Build of configuration Debug for project microblaze ****
make all 
'Building file: ../src/main.c'
'Invoking: MicroBlaze gcc compiler'
mb-gcc -Wall -O0 -g3 -c -fmessage-length=0 -MT"src/main.o" -I../../microblaze_bsp/microblaze_0/include -mlittle-endian -mcpu=v10.0 -mxl-soft-mul -Wl,--no-relax -ffunction-sections -fdata-sections -MMD -MP -MF"src/main.d" -MT"src/main.o" -o "src/main.o" "../src/main.c"
../src/main.c: In function 'main':
../src/main.c:91:2: warning: implicit declaration of function 'setGPIO' [-Wimplicit-function-declaration]
  setGPIO();
  ^~~~~~~
../src/main.c:103:2: warning: implicit declaration of function 'waitFor' [-Wimplicit-function-declaration]
  waitFor(100000);
  ^~~~~~~
../src/main.c:106:4: warning: implicit declaration of function 'drawPixel' [-Wimplicit-function-declaration]
    drawPixel(x, y, 0xFFFFFF);
    ^~~~~~~~~
../src/main.c:133:14: warning: comparisons like 'X<=Y<=Z' do not have their mathematical meaning [-Wparentheses]
   }else if(4 < currentValue < 6.7){
            ~~^~~~~~~~~~~~~~
../src/main.c:135:31: warning: comparison of constant '8' with boolean expression is always true [-Wbool-compare]
   }else if(6.7 < currentValue < 8){
                               ^
../src/main.c:135:16: warning: comparisons like 'X<=Y<=Z' do not have their mathematical meaning [-Wparentheses]
   }else if(6.7 < currentValue < 8){
            ~~~~^~~~~~~~~~~~~~
../src/main.c:137:15: warning: comparisons like 'X<=Y<=Z' do not have their mathematical meaning [-Wparentheses]
   }else if (8 < currentValue < 11.9) {
             ~~^~~~~~~~~~~~~~
../src/main.c:139:33: warning: comparison of constant '15' with boolean expression is always true [-Wbool-compare]
   }else if (11.9 < currentValue < 15) {
                                 ^
../src/main.c:139:18: warning: comparisons like 'X<=Y<=Z' do not have their mathematical meaning [-Wparentheses]
   }else if (11.9 < currentValue < 15) {
             ~~~~~^~~~~~~~~~~~~~
../src/main.c: At top level:
../src/main.c:147:6: warning: conflicting types for 'setGPIO'
 void setGPIO() {
      ^~~~~~~
../src/main.c:91:2: note: previous implicit declaration of 'setGPIO' was here
  setGPIO();
  ^~~~~~~
../src/main.c:160:6: warning: conflicting types for 'drawPixel'
 void drawPixel(int x, int y, int color){
      ^~~~~~~~~
../src/main.c:106:4: note: previous implicit declaration of 'drawPixel' was here
    drawPixel(x, y, 0xFFFFFF);
    ^~~~~~~~~
../src/main.c:199:6: warning: conflicting types for 'waitFor'
 void waitFor(numCycles){
      ^~~~~~~
../src/main.c:103:2: note: previous implicit declaration of 'waitFor' was here
  waitFor(100000);
  ^~~~~~~
../src/main.c: In function 'waitFor':
../src/main.c:199:6: warning: type of 'numCycles' defaults to 'int' [-Wimplicit-int]
 void waitFor(numCycles){
      ^~~~~~~
../src/main.c: In function 'updateNumbers':
../src/main.c:244:2: warning: implicit declaration of function 'drawCenti' [-Wimplicit-function-declaration]
  drawCenti(number, 0, 0);
  ^~~~~~~~~
../src/main.c:245:2: warning: implicit declaration of function 'drawInch' [-Wimplicit-function-declaration]
  drawInch(number, 46, 0);
  ^~~~~~~~
../src/main.c: At top level:
../src/main.c:247:6: warning: conflicting types for 'drawCenti'
 void drawCenti(int number, int xStart, int yStart){
      ^~~~~~~~~
../src/main.c:244:2: note: previous implicit declaration of 'drawCenti' was here
  drawCenti(number, 0, 0);
  ^~~~~~~~~
../src/main.c:251:6: warning: conflicting types for 'drawInch'
 void drawInch(int number, int xStart, int yStart){
      ^~~~~~~~
../src/main.c:245:2: note: previous implicit declaration of 'drawInch' was here
  drawInch(number, 46, 0);
  ^~~~~~~~
'Finished building: ../src/main.c'
' '
'Building target: microblaze.elf'
'Invoking: MicroBlaze gcc linker'
mb-gcc -Wl,-T -Wl,../src/lscript.ld -L../../microblaze_bsp/microblaze_0/lib -mlittle-endian -mcpu=v10.0 -mxl-soft-mul -Wl,--no-relax -Wl,--gc-sections -o "microblaze.elf"  ./src/main.o   -Wl,--start-group,-lxil,-lgcc,-lc,--end-group
'Finished building target: microblaze.elf'
' '
'Invoking: MicroBlaze Print Size'
mb-size microblaze.elf  |tee "microblaze.elf.size"
   text	   data	    bss	    dec	    hex	filename
   9708	    320	   3180	  13208	   3398	microblaze.elf
'Finished building: microblaze.elf.size'
' '
13:19:04 **** Auto Build of configuration Debug for project microblaze ****
make all 
'Building file: ../src/main.c'
'Invoking: MicroBlaze gcc compiler'
mb-gcc -Wall -O0 -g3 -c -fmessage-length=0 -MT"src/main.o" -I../../microblaze_bsp/microblaze_0/include -mlittle-endian -mcpu=v10.0 -mxl-soft-mul -Wl,--no-relax -ffunction-sections -fdata-sections -MMD -MP -MF"src/main.d" -MT"src/main.o" -o "src/main.o" "../src/main.c"
../src/main.c: In function 'main':
../src/main.c:91:2: warning: implicit declaration of function 'setGPIO' [-Wimplicit-function-declaration]
  setGPIO();
  ^~~~~~~
../src/main.c:103:2: warning: implicit declaration of function 'waitFor' [-Wimplicit-function-declaration]
  waitFor(100000);
  ^~~~~~~
../src/main.c:106:4: warning: implicit declaration of function 'drawPixel' [-Wimplicit-function-declaration]
    drawPixel(x, y, 0xFFFFFF);
    ^~~~~~~~~
../src/main.c:133:14: warning: comparisons like 'X<=Y<=Z' do not have their mathematical meaning [-Wparentheses]
   }else if(4 < currentValue < 6.7){
            ~~^~~~~~~~~~~~~~
../src/main.c:135:31: warning: comparison of constant '8' with boolean expression is always true [-Wbool-compare]
   }else if(6.7 < currentValue < 8){
                               ^
../src/main.c:135:16: warning: comparisons like 'X<=Y<=Z' do not have their mathematical meaning [-Wparentheses]
   }else if(6.7 < currentValue < 8){
            ~~~~^~~~~~~~~~~~~~
../src/main.c:137:15: warning: comparisons like 'X<=Y<=Z' do not have their mathematical meaning [-Wparentheses]
   }else if (8 < currentValue < 11.9) {
             ~~^~~~~~~~~~~~~~
../src/main.c:139:33: warning: comparison of constant '15' with boolean expression is always true [-Wbool-compare]
   }else if (11.9 < currentValue < 15) {
                                 ^
../src/main.c:139:18: warning: comparisons like 'X<=Y<=Z' do not have their mathematical meaning [-Wparentheses]
   }else if (11.9 < currentValue < 15) {
             ~~~~~^~~~~~~~~~~~~~
../src/main.c:141:16: warning: comparisons like 'X<=Y<=Z' do not have their mathematical meaning [-Wparentheses]
   }else if (15 < currentValue < 20.7) {
             ~~~^~~~~~~~~~~~~~
../src/main.c:143:18: warning: comparisons like 'X<=Y<=Z' do not have their mathematical meaning [-Wparentheses]
   }else if (20.7 < currentValue < 25.4) {
             ~~~~~^~~~~~~~~~~~~~
../src/main.c:145:18: warning: comparisons like 'X<=Y<=Z' do not have their mathematical meaning [-Wparentheses]
   }else if (25.4 < currentValue < 31.1) {
             ~~~~~^~~~~~~~~~~~~~
../src/main.c: At top level:
../src/main.c:155:6: warning: conflicting types for 'setGPIO'
 void setGPIO() {
      ^~~~~~~
../src/main.c:91:2: note: previous implicit declaration of 'setGPIO' was here
  setGPIO();
  ^~~~~~~
../src/main.c:168:6: warning: conflicting types for 'drawPixel'
 void drawPixel(int x, int y, int color){
      ^~~~~~~~~
../src/main.c:106:4: note: previous implicit declaration of 'drawPixel' was here
    drawPixel(x, y, 0xFFFFFF);
    ^~~~~~~~~
../src/main.c:207:6: warning: conflicting types for 'waitFor'
 void waitFor(numCycles){
      ^~~~~~~
../src/main.c:103:2: note: previous implicit declaration of 'waitFor' was here
  waitFor(100000);
  ^~~~~~~
../src/main.c: In function 'waitFor':
../src/main.c:207:6: warning: type of 'numCycles' defaults to 'int' [-Wimplicit-int]
 void waitFor(numCycles){
      ^~~~~~~
../src/main.c: In function 'updateNumbers':
../src/main.c:252:2: warning: implicit declaration of function 'drawCenti' [-Wimplicit-function-declaration]
  drawCenti(number, 0, 0);
  ^~~~~~~~~
../src/main.c:253:2: warning: implicit declaration of function 'drawInch' [-Wimplicit-function-declaration]
  drawInch(number, 46, 0);
  ^~~~~~~~
../src/main.c: At top level:
../src/main.c:255:6: warning: conflicting types for 'drawCenti'
 void drawCenti(int number, int xStart, int yStart){
      ^~~~~~~~~
../src/main.c:252:2: note: previous implicit declaration of 'drawCenti' was here
  drawCenti(number, 0, 0);
  ^~~~~~~~~
../src/main.c:259:6: warning: conflicting types for 'drawInch'
 void drawInch(int number, int xStart, int yStart){
      ^~~~~~~~
../src/main.c:253:2: note: previous implicit declaration of 'drawInch' was here
  drawInch(number, 46, 0);
  ^~~~~~~~
'Finished building: ../src/main.c'
' '
'Building target: microblaze.elf'
'Invoking: MicroBlaze gcc linker'
mb-gcc -Wl,-T -Wl,../src/lscript.ld -L../../microblaze_bsp/microblaze_0/lib -mlittle-endian -mcpu=v10.0 -mxl-soft-mul -Wl,--no-relax -Wl,--gc-sections -o "microblaze.elf"  ./src/main.o   -Wl,--start-group,-lxil,-lgcc,-lc,--end-group
'Finished building target: microblaze.elf'
' '
'Invoking: MicroBlaze Print Size'
mb-size microblaze.elf  |tee "microblaze.elf.size"
   text	   data	    bss	    dec	    hex	filename
   9708	    320	   3180	  13208	   3398	microblaze.elf
'Finished building: microblaze.elf.size'
' '
13:19:19 **** Auto Build of configuration Debug for project microblaze ****
make all 
'Building file: ../src/main.c'
'Invoking: MicroBlaze gcc compiler'
mb-gcc -Wall -O0 -g3 -c -fmessage-length=0 -MT"src/main.o" -I../../microblaze_bsp/microblaze_0/include -mlittle-endian -mcpu=v10.0 -mxl-soft-mul -Wl,--no-relax -ffunction-sections -fdata-sections -MMD -MP -MF"src/main.d" -MT"src/main.o" -o "src/main.o" "../src/main.c"
../src/main.c: In function 'main':
../src/main.c:91:2: warning: implicit declaration of function 'setGPIO' [-Wimplicit-function-declaration]
  setGPIO();
  ^~~~~~~
../src/main.c:103:2: warning: implicit declaration of function 'waitFor' [-Wimplicit-function-declaration]
  waitFor(100000);
  ^~~~~~~
../src/main.c:106:4: warning: implicit declaration of function 'drawPixel' [-Wimplicit-function-declaration]
    drawPixel(x, y, 0xFFFFFF);
    ^~~~~~~~~
../src/main.c:133:14: warning: comparisons like 'X<=Y<=Z' do not have their mathematical meaning [-Wparentheses]
   }else if(4 < currentValue < 6.7){
            ~~^~~~~~~~~~~~~~
../src/main.c:135:31: warning: comparison of constant '8' with boolean expression is always true [-Wbool-compare]
   }else if(6.7 < currentValue < 8){
                               ^
../src/main.c:135:16: warning: comparisons like 'X<=Y<=Z' do not have their mathematical meaning [-Wparentheses]
   }else if(6.7 < currentValue < 8){
            ~~~~^~~~~~~~~~~~~~
../src/main.c:137:15: warning: comparisons like 'X<=Y<=Z' do not have their mathematical meaning [-Wparentheses]
   }else if (8 < currentValue < 11.9) {
             ~~^~~~~~~~~~~~~~
../src/main.c:139:33: warning: comparison of constant '15' with boolean expression is always true [-Wbool-compare]
   }else if (11.9 < currentValue < 15) {
                                 ^
../src/main.c:139:18: warning: comparisons like 'X<=Y<=Z' do not have their mathematical meaning [-Wparentheses]
   }else if (11.9 < currentValue < 15) {
             ~~~~~^~~~~~~~~~~~~~
../src/main.c:141:16: warning: comparisons like 'X<=Y<=Z' do not have their mathematical meaning [-Wparentheses]
   }else if (15 < currentValue < 20.7) {
             ~~~^~~~~~~~~~~~~~
../src/main.c:143:18: warning: comparisons like 'X<=Y<=Z' do not have their mathematical meaning [-Wparentheses]
   }else if (20.7 < currentValue < 25.4) {
             ~~~~~^~~~~~~~~~~~~~
../src/main.c:145:18: warning: comparisons like 'X<=Y<=Z' do not have their mathematical meaning [-Wparentheses]
   }else if (25.4 < currentValue < 31.1) {
             ~~~~~^~~~~~~~~~~~~~
../src/main.c:151:3: warning: implicit declaration of function 'updateNumbers' [-Wimplicit-function-declaration]
   updateNumbers(currentValue);
   ^~~~~~~~~~~~~
../src/main.c: At top level:
../src/main.c:157:6: warning: conflicting types for 'setGPIO'
 void setGPIO() {
      ^~~~~~~
../src/main.c:91:2: note: previous implicit declaration of 'setGPIO' was here
  setGPIO();
  ^~~~~~~
../src/main.c:170:6: warning: conflicting types for 'drawPixel'
 void drawPixel(int x, int y, int color){
      ^~~~~~~~~
../src/main.c:106:4: note: previous implicit declaration of 'drawPixel' was here
    drawPixel(x, y, 0xFFFFFF);
    ^~~~~~~~~
../src/main.c:209:6: warning: conflicting types for 'waitFor'
 void waitFor(numCycles){
      ^~~~~~~
../src/main.c:103:2: note: previous implicit declaration of 'waitFor' was here
  waitFor(100000);
  ^~~~~~~
../src/main.c: In function 'waitFor':
../src/main.c:209:6: warning: type of 'numCycles' defaults to 'int' [-Wimplicit-int]
 void waitFor(numCycles){
      ^~~~~~~
../src/main.c: At top level:
../src/main.c:253:6: warning: conflicting types for 'updateNumbers'
 void updateNumbers(int number){
      ^~~~~~~~~~~~~
../src/main.c:151:3: note: previous implicit declaration of 'updateNumbers' was here
   updateNumbers(currentValue);
   ^~~~~~~~~~~~~
../src/main.c: In function 'updateNumbers':
../src/main.c:254:2: warning: implicit declaration of function 'drawCenti' [-Wimplicit-function-declaration]
  drawCenti(number, 0, 0);
  ^~~~~~~~~
../src/main.c:255:2: warning: implicit declaration of function 'drawInch' [-Wimplicit-function-declaration]
  drawInch(number, 46, 0);
  ^~~~~~~~
../src/main.c: At top level:
../src/main.c:257:6: warning: conflicting types for 'drawCenti'
 void drawCenti(int number, int xStart, int yStart){
      ^~~~~~~~~
../src/main.c:254:2: note: previous implicit declaration of 'drawCenti' was here
  drawCenti(number, 0, 0);
  ^~~~~~~~~
../src/main.c:261:6: warning: conflicting types for 'drawInch'
 void drawInch(int number, int xStart, int yStart){
      ^~~~~~~~
../src/main.c:255:2: note: previous implicit declaration of 'drawInch' was here
  drawInch(number, 46, 0);
  ^~~~~~~~
'Finished building: ../src/main.c'
' '
'Building target: microblaze.elf'
'Invoking: MicroBlaze gcc linker'
mb-gcc -Wl,-T -Wl,../src/lscript.ld -L../../microblaze_bsp/microblaze_0/lib -mlittle-endian -mcpu=v10.0 -mxl-soft-mul -Wl,--no-relax -Wl,--gc-sections -o "microblaze.elf"  ./src/main.o   -Wl,--start-group,-lxil,-lgcc,-lc,--end-group
'Finished building target: microblaze.elf'
' '
'Invoking: MicroBlaze Print Size'
mb-size microblaze.elf  |tee "microblaze.elf.size"
   text	   data	    bss	    dec	    hex	filename
  13772	   2600	   3180	  19552	   4c60	microblaze.elf
'Finished building: microblaze.elf.size'
' '
13:19:22 **** Incremental Build of configuration Debug for project microblaze ****
make all 
make: Nothing to be done for `all'.
13:20:19 **** Auto Build of configuration Debug for project microblaze ****
make all 
'Building file: ../src/main.c'
'Invoking: MicroBlaze gcc compiler'
mb-gcc -Wall -O0 -g3 -c -fmessage-length=0 -MT"src/main.o" -I../../microblaze_bsp/microblaze_0/include -mlittle-endian -mcpu=v10.0 -mxl-soft-mul -Wl,--no-relax -ffunction-sections -fdata-sections -MMD -MP -MF"src/main.d" -MT"src/main.o" -o "src/main.o" "../src/main.c"
../src/main.c: In function 'main':
../src/main.c:91:2: warning: implicit declaration of function 'setGPIO' [-Wimplicit-function-declaration]
  setGPIO();
  ^~~~~~~
../src/main.c:103:2: warning: implicit declaration of function 'waitFor' [-Wimplicit-function-declaration]
  waitFor(100000);
  ^~~~~~~
../src/main.c:106:4: warning: implicit declaration of function 'drawPixel' [-Wimplicit-function-declaration]
    drawPixel(x, y, 0xFFFFFF);
    ^~~~~~~~~
../src/main.c:151:3: warning: implicit declaration of function 'updateNumbers' [-Wimplicit-function-declaration]
   updateNumbers(currentValue);
   ^~~~~~~~~~~~~
../src/main.c: At top level:
../src/main.c:157:6: warning: conflicting types for 'setGPIO'
 void setGPIO() {
      ^~~~~~~
../src/main.c:91:2: note: previous implicit declaration of 'setGPIO' was here
  setGPIO();
  ^~~~~~~
../src/main.c:170:6: warning: conflicting types for 'drawPixel'
 void drawPixel(int x, int y, int color){
      ^~~~~~~~~
../src/main.c:106:4: note: previous implicit declaration of 'drawPixel' was here
    drawPixel(x, y, 0xFFFFFF);
    ^~~~~~~~~
../src/main.c:209:6: warning: conflicting types for 'waitFor'
 void waitFor(numCycles){
      ^~~~~~~
../src/main.c:103:2: note: previous implicit declaration of 'waitFor' was here
  waitFor(100000);
  ^~~~~~~
../src/main.c: In function 'waitFor':
../src/main.c:209:6: warning: type of 'numCycles' defaults to 'int' [-Wimplicit-int]
 void waitFor(numCycles){
      ^~~~~~~
../src/main.c: At top level:
../src/main.c:253:6: warning: conflicting types for 'updateNumbers'
 void updateNumbers(int number){
      ^~~~~~~~~~~~~
../src/main.c:151:3: note: previous implicit declaration of 'updateNumbers' was here
   updateNumbers(currentValue);
   ^~~~~~~~~~~~~
../src/main.c: In function 'updateNumbers':
../src/main.c:254:2: warning: implicit declaration of function 'drawCenti' [-Wimplicit-function-declaration]
  drawCenti(number, 0, 0);
  ^~~~~~~~~
../src/main.c:255:2: warning: implicit declaration of function 'drawInch' [-Wimplicit-function-declaration]
  drawInch(number, 46, 0);
  ^~~~~~~~
../src/main.c: At top level:
../src/main.c:257:6: warning: conflicting types for 'drawCenti'
 void drawCenti(int number, int xStart, int yStart){
      ^~~~~~~~~
../src/main.c:254:2: note: previous implicit declaration of 'drawCenti' was here
  drawCenti(number, 0, 0);
  ^~~~~~~~~
../src/main.c:261:6: warning: conflicting types for 'drawInch'
 void drawInch(int number, int xStart, int yStart){
      ^~~~~~~~
../src/main.c:255:2: note: previous implicit declaration of 'drawInch' was here
  drawInch(number, 46, 0);
  ^~~~~~~~
'Finished building: ../src/main.c'
' '
'Building target: microblaze.elf'
'Invoking: MicroBlaze gcc linker'
mb-gcc -Wl,-T -Wl,../src/lscript.ld -L../../microblaze_bsp/microblaze_0/lib -mlittle-endian -mcpu=v10.0 -mxl-soft-mul -Wl,--no-relax -Wl,--gc-sections -o "microblaze.elf"  ./src/main.o   -Wl,--start-group,-lxil,-lgcc,-lc,--end-group
'Finished building target: microblaze.elf'
' '
'Invoking: MicroBlaze Print Size'
mb-size microblaze.elf  |tee "microblaze.elf.size"
   text	   data	    bss	    dec	    hex	filename
  11660	   2600	   3180	  17440	   4420	microblaze.elf
'Finished building: microblaze.elf.size'
' '
13:20:37 **** Incremental Build of configuration Debug for project microblaze ****
make all 
make: Nothing to be done for `all'.
13:20:51 **** Auto Build of configuration Debug for project microblaze ****
make all 
'Building file: ../src/main.c'
'Invoking: MicroBlaze gcc compiler'
mb-gcc -Wall -O0 -g3 -c -fmessage-length=0 -MT"src/main.o" -I../../microblaze_bsp/microblaze_0/include -mlittle-endian -mcpu=v10.0 -mxl-soft-mul -Wl,--no-relax -ffunction-sections -fdata-sections -MMD -MP -MF"src/main.d" -MT"src/main.o" -o "src/main.o" "../src/main.c"
../src/main.c: In function 'main':
../src/main.c:91:2: warning: implicit declaration of function 'setGPIO' [-Wimplicit-function-declaration]
  setGPIO();
  ^~~~~~~
../src/main.c:103:2: warning: implicit declaration of function 'waitFor' [-Wimplicit-function-declaration]
  waitFor(100000);
  ^~~~~~~
../src/main.c:106:4: warning: implicit declaration of function 'drawPixel' [-Wimplicit-function-declaration]
    drawPixel(x, y, 0xFFFFFF);
    ^~~~~~~~~
../src/main.c:133:14: warning: comparisons like 'X<=Y<=Z' do not have their mathematical meaning [-Wparentheses]
   }else if(4 < currentValue < 6.7){
            ~~^~~~~~~~~~~~~~
../src/main.c:135:31: warning: comparison of constant '8' with boolean expression is always true [-Wbool-compare]
   }else if(6.7 < currentValue < 8){
                               ^
../src/main.c:135:16: warning: comparisons like 'X<=Y<=Z' do not have their mathematical meaning [-Wparentheses]
   }else if(6.7 < currentValue < 8){
            ~~~~^~~~~~~~~~~~~~
../src/main.c:137:15: warning: comparisons like 'X<=Y<=Z' do not have their mathematical meaning [-Wparentheses]
   }else if (8 < currentValue < 11.9) {
             ~~^~~~~~~~~~~~~~
../src/main.c:139:33: warning: comparison of constant '15' with boolean expression is always true [-Wbool-compare]
   }else if (11.9 < currentValue < 15) {
                                 ^
../src/main.c:139:18: warning: comparisons like 'X<=Y<=Z' do not have their mathematical meaning [-Wparentheses]
   }else if (11.9 < currentValue < 15) {
             ~~~~~^~~~~~~~~~~~~~
../src/main.c:141:16: warning: comparisons like 'X<=Y<=Z' do not have their mathematical meaning [-Wparentheses]
   }else if (15 < currentValue < 20.7) {
             ~~~^~~~~~~~~~~~~~
../src/main.c:143:18: warning: comparisons like 'X<=Y<=Z' do not have their mathematical meaning [-Wparentheses]
   }else if (20.7 < currentValue < 25.4) {
             ~~~~~^~~~~~~~~~~~~~
../src/main.c:145:18: warning: comparisons like 'X<=Y<=Z' do not have their mathematical meaning [-Wparentheses]
   }else if (25.4 < currentValue < 31.1) {
             ~~~~~^~~~~~~~~~~~~~
../src/main.c:151:3: warning: implicit declaration of function 'updateNumbers' [-Wimplicit-function-declaration]
   updateNumbers(currentValue);
   ^~~~~~~~~~~~~
../src/main.c: At top level:
../src/main.c:157:6: warning: conflicting types for 'setGPIO'
 void setGPIO() {
      ^~~~~~~
../src/main.c:91:2: note: previous implicit declaration of 'setGPIO' was here
  setGPIO();
  ^~~~~~~
../src/main.c:170:6: warning: conflicting types for 'drawPixel'
 void drawPixel(int x, int y, int color){
      ^~~~~~~~~
../src/main.c:106:4: note: previous implicit declaration of 'drawPixel' was here
    drawPixel(x, y, 0xFFFFFF);
    ^~~~~~~~~
../src/main.c:209:6: warning: conflicting types for 'waitFor'
 void waitFor(numCycles){
      ^~~~~~~
../src/main.c:103:2: note: previous implicit declaration of 'waitFor' was here
  waitFor(100000);
  ^~~~~~~
../src/main.c: In function 'waitFor':
../src/main.c:209:6: warning: type of 'numCycles' defaults to 'int' [-Wimplicit-int]
 void waitFor(numCycles){
      ^~~~~~~
../src/main.c: At top level:
../src/main.c:253:6: warning: conflicting types for 'updateNumbers'
 void updateNumbers(int number){
      ^~~~~~~~~~~~~
../src/main.c:151:3: note: previous implicit declaration of 'updateNumbers' was here
   updateNumbers(currentValue);
   ^~~~~~~~~~~~~
../src/main.c: In function 'updateNumbers':
../src/main.c:254:2: warning: implicit declaration of function 'drawCenti' [-Wimplicit-function-declaration]
  drawCenti(number, 0, 0);
  ^~~~~~~~~
../src/main.c:255:2: warning: implicit declaration of function 'drawInch' [-Wimplicit-function-declaration]
  drawInch(number, 46, 0);
  ^~~~~~~~
../src/main.c: At top level:
../src/main.c:257:6: warning: conflicting types for 'drawCenti'
 void drawCenti(int number, int xStart, int yStart){
      ^~~~~~~~~
../src/main.c:254:2: note: previous implicit declaration of 'drawCenti' was here
  drawCenti(number, 0, 0);
  ^~~~~~~~~
../src/main.c:261:6: warning: conflicting types for 'drawInch'
 void drawInch(int number, int xStart, int yStart){
      ^~~~~~~~
../src/main.c:255:2: note: previous implicit declaration of 'drawInch' was here
  drawInch(number, 46, 0);
  ^~~~~~~~
'Finished building: ../src/main.c'
' '
'Building target: microblaze.elf'
'Invoking: MicroBlaze gcc linker'
mb-gcc -Wl,-T -Wl,../src/lscript.ld -L../../microblaze_bsp/microblaze_0/lib -mlittle-endian -mcpu=v10.0 -mxl-soft-mul -Wl,--no-relax -Wl,--gc-sections -o "microblaze.elf"  ./src/main.o   -Wl,--start-group,-lxil,-lgcc,-lc,--end-group
'Finished building target: microblaze.elf'
' '
'Invoking: MicroBlaze Print Size'
mb-size microblaze.elf  |tee "microblaze.elf.size"
   text	   data	    bss	    dec	    hex	filename
  13772	   2600	   3180	  19552	   4c60	microblaze.elf
'Finished building: microblaze.elf.size'
' '
13:21:56 **** Auto Build of configuration Debug for project microblaze ****
make all 
'Building file: ../src/main.c'
'Invoking: MicroBlaze gcc compiler'
mb-gcc -Wall -O0 -g3 -c -fmessage-length=0 -MT"src/main.o" -I../../microblaze_bsp/microblaze_0/include -mlittle-endian -mcpu=v10.0 -mxl-soft-mul -Wl,--no-relax -ffunction-sections -fdata-sections -MMD -MP -MF"src/main.d" -MT"src/main.o" -o "src/main.o" "../src/main.c"
../src/main.c: In function 'main':
../src/main.c:91:2: warning: implicit declaration of function 'setGPIO' [-Wimplicit-function-declaration]
  setGPIO();
  ^~~~~~~
../src/main.c:103:2: warning: implicit declaration of function 'waitFor' [-Wimplicit-function-declaration]
  waitFor(100000);
  ^~~~~~~
../src/main.c:106:4: warning: implicit declaration of function 'drawPixel' [-Wimplicit-function-declaration]
    drawPixel(x, y, 0xFFFFFF);
    ^~~~~~~~~
../src/main.c:133:30: warning: comparison of constant '67' with boolean expression is always true [-Wbool-compare]
   }else if(40 < currentValue < 67){
                              ^
../src/main.c:133:15: warning: comparisons like 'X<=Y<=Z' do not have their mathematical meaning [-Wparentheses]
   }else if(40 < currentValue < 67){
            ~~~^~~~~~~~~~~~~~
../src/main.c:135:30: warning: comparison of constant '80' with boolean expression is always true [-Wbool-compare]
   }else if(67 < currentValue < 80){
                              ^
../src/main.c:135:15: warning: comparisons like 'X<=Y<=Z' do not have their mathematical meaning [-Wparentheses]
   }else if(67 < currentValue < 80){
            ~~~^~~~~~~~~~~~~~
../src/main.c:137:31: warning: comparison of constant '119' with boolean expression is always true [-Wbool-compare]
   }else if (80 < currentValue < 119) {
                               ^
../src/main.c:137:16: warning: comparisons like 'X<=Y<=Z' do not have their mathematical meaning [-Wparentheses]
   }else if (80 < currentValue < 119) {
             ~~~^~~~~~~~~~~~~~
../src/main.c:139:32: warning: comparison of constant '150' with boolean expression is always true [-Wbool-compare]
   }else if (119 < currentValue < 150) {
                                ^
../src/main.c:139:17: warning: comparisons like 'X<=Y<=Z' do not have their mathematical meaning [-Wparentheses]
   }else if (119 < currentValue < 150) {
             ~~~~^~~~~~~~~~~~~~
../src/main.c:141:32: warning: comparison of constant '207' with boolean expression is always true [-Wbool-compare]
   }else if (150 < currentValue < 207) {
                                ^
../src/main.c:141:17: warning: comparisons like 'X<=Y<=Z' do not have their mathematical meaning [-Wparentheses]
   }else if (150 < currentValue < 207) {
             ~~~~^~~~~~~~~~~~~~
../src/main.c:143:32: warning: comparison of constant '254' with boolean expression is always true [-Wbool-compare]
   }else if (207 < currentValue < 254) {
                                ^
../src/main.c:143:17: warning: comparisons like 'X<=Y<=Z' do not have their mathematical meaning [-Wparentheses]
   }else if (207 < currentValue < 254) {
             ~~~~^~~~~~~~~~~~~~
../src/main.c:145:32: warning: comparison of constant '311' with boolean expression is always true [-Wbool-compare]
   }else if (254 < currentValue < 311) {
                                ^
../src/main.c:145:17: warning: comparisons like 'X<=Y<=Z' do not have their mathematical meaning [-Wparentheses]
   }else if (254 < currentValue < 311) {
             ~~~~^~~~~~~~~~~~~~
../src/main.c:151:3: warning: implicit declaration of function 'updateNumbers' [-Wimplicit-function-declaration]
   updateNumbers(currentValue);
   ^~~~~~~~~~~~~
../src/main.c: At top level:
../src/main.c:157:6: warning: conflicting types for 'setGPIO'
 void setGPIO() {
      ^~~~~~~
../src/main.c:91:2: note: previous implicit declaration of 'setGPIO' was here
  setGPIO();
  ^~~~~~~
../src/main.c:170:6: warning: conflicting types for 'drawPixel'
 void drawPixel(int x, int y, int color){
      ^~~~~~~~~
../src/main.c:106:4: note: previous implicit declaration of 'drawPixel' was here
    drawPixel(x, y, 0xFFFFFF);
    ^~~~~~~~~
../src/main.c:209:6: warning: conflicting types for 'waitFor'
 void waitFor(numCycles){
      ^~~~~~~
../src/main.c:103:2: note: previous implicit declaration of 'waitFor' was here
  waitFor(100000);
  ^~~~~~~
../src/main.c: In function 'waitFor':
../src/main.c:209:6: warning: type of 'numCycles' defaults to 'int' [-Wimplicit-int]
 void waitFor(numCycles){
      ^~~~~~~
../src/main.c: At top level:
../src/main.c:253:6: warning: conflicting types for 'updateNumbers'
 void updateNumbers(int number){
      ^~~~~~~~~~~~~
../src/main.c:151:3: note: previous implicit declaration of 'updateNumbers' was here
   updateNumbers(currentValue);
   ^~~~~~~~~~~~~
../src/main.c: In function 'updateNumbers':
../src/main.c:254:2: warning: implicit declaration of function 'drawCenti' [-Wimplicit-function-declaration]
  drawCenti(number, 0, 0);
  ^~~~~~~~~
../src/main.c:255:2: warning: implicit declaration of function 'drawInch' [-Wimplicit-function-declaration]
  drawInch(number, 46, 0);
  ^~~~~~~~
../src/main.c: At top level:
../src/main.c:257:6: warning: conflicting types for 'drawCenti'
 void drawCenti(int number, int xStart, int yStart){
      ^~~~~~~~~
../src/main.c:254:2: note: previous implicit declaration of 'drawCenti' was here
  drawCenti(number, 0, 0);
  ^~~~~~~~~
../src/main.c:261:6: warning: conflicting types for 'drawInch'
 void drawInch(int number, int xStart, int yStart){
      ^~~~~~~~
../src/main.c:255:2: note: previous implicit declaration of 'drawInch' was here
  drawInch(number, 46, 0);
  ^~~~~~~~
'Finished building: ../src/main.c'
' '
'Building target: microblaze.elf'
'Invoking: MicroBlaze gcc linker'
mb-gcc -Wl,-T -Wl,../src/lscript.ld -L../../microblaze_bsp/microblaze_0/lib -mlittle-endian -mcpu=v10.0 -mxl-soft-mul -Wl,--no-relax -Wl,--gc-sections -o "microblaze.elf"  ./src/main.o   -Wl,--start-group,-lxil,-lgcc,-lc,--end-group
'Finished building target: microblaze.elf'
' '
'Invoking: MicroBlaze Print Size'
mb-size microblaze.elf  |tee "microblaze.elf.size"
   text	   data	    bss	    dec	    hex	filename
  11692	   2600	   3180	  17472	   4440	microblaze.elf
'Finished building: microblaze.elf.size'
' '
13:21:58 **** Incremental Build of configuration Debug for project microblaze ****
make all 
make: Nothing to be done for `all'.
13:22:53 **** Auto Build of configuration Debug for project microblaze ****
make all 
'Building file: ../src/main.c'
'Invoking: MicroBlaze gcc compiler'
mb-gcc -Wall -O0 -g3 -c -fmessage-length=0 -MT"src/main.o" -I../../microblaze_bsp/microblaze_0/include -mlittle-endian -mcpu=v10.0 -mxl-soft-mul -Wl,--no-relax -ffunction-sections -fdata-sections -MMD -MP -MF"src/main.d" -MT"src/main.o" -o "src/main.o" "../src/main.c"
../src/main.c: In function 'main':
../src/main.c:91:2: warning: implicit declaration of function 'setGPIO' [-Wimplicit-function-declaration]
  setGPIO();
  ^~~~~~~
../src/main.c:103:2: warning: implicit declaration of function 'waitFor' [-Wimplicit-function-declaration]
  waitFor(100000);
  ^~~~~~~
../src/main.c:106:4: warning: implicit declaration of function 'drawPixel' [-Wimplicit-function-declaration]
    drawPixel(x, y, 0xFFFFFF);
    ^~~~~~~~~
../src/main.c:133:30: warning: comparison of constant '67' with boolean expression is always true [-Wbool-compare]
   }else if(40 < currentValue < 67){
                              ^
../src/main.c:133:15: warning: comparisons like 'X<=Y<=Z' do not have their mathematical meaning [-Wparentheses]
   }else if(40 < currentValue < 67){
            ~~~^~~~~~~~~~~~~~
../src/main.c:135:30: warning: comparison of constant '80' with boolean expression is always true [-Wbool-compare]
   }else if(67 < currentValue < 80){
                              ^
../src/main.c:135:15: warning: comparisons like 'X<=Y<=Z' do not have their mathematical meaning [-Wparentheses]
   }else if(67 < currentValue < 80){
            ~~~^~~~~~~~~~~~~~
../src/main.c:137:31: warning: comparison of constant '119' with boolean expression is always true [-Wbool-compare]
   }else if (80 < currentValue < 119) {
                               ^
../src/main.c:137:16: warning: comparisons like 'X<=Y<=Z' do not have their mathematical meaning [-Wparentheses]
   }else if (80 < currentValue < 119) {
             ~~~^~~~~~~~~~~~~~
../src/main.c:139:32: warning: comparison of constant '150' with boolean expression is always true [-Wbool-compare]
   }else if (119 < currentValue < 150) {
                                ^
../src/main.c:139:17: warning: comparisons like 'X<=Y<=Z' do not have their mathematical meaning [-Wparentheses]
   }else if (119 < currentValue < 150) {
             ~~~~^~~~~~~~~~~~~~
../src/main.c:141:32: warning: comparison of constant '207' with boolean expression is always true [-Wbool-compare]
   }else if (150 < currentValue < 207) {
                                ^
../src/main.c:141:17: warning: comparisons like 'X<=Y<=Z' do not have their mathematical meaning [-Wparentheses]
   }else if (150 < currentValue < 207) {
             ~~~~^~~~~~~~~~~~~~
../src/main.c:143:32: warning: comparison of constant '254' with boolean expression is always true [-Wbool-compare]
   }else if (207 < currentValue < 254) {
                                ^
../src/main.c:143:17: warning: comparisons like 'X<=Y<=Z' do not have their mathematical meaning [-Wparentheses]
   }else if (207 < currentValue < 254) {
             ~~~~^~~~~~~~~~~~~~
../src/main.c:145:32: warning: comparison of constant '311' with boolean expression is always true [-Wbool-compare]
   }else if (254 < currentValue < 311) {
                                ^
../src/main.c:145:17: warning: comparisons like 'X<=Y<=Z' do not have their mathematical meaning [-Wparentheses]
   }else if (254 < currentValue < 311) {
             ~~~~^~~~~~~~~~~~~~
../src/main.c:157:3: warning: implicit declaration of function 'updateNumbers' [-Wimplicit-function-declaration]
   updateNumbers(currentValue);
   ^~~~~~~~~~~~~
../src/main.c: At top level:
../src/main.c:163:6: warning: conflicting types for 'setGPIO'
 void setGPIO() {
      ^~~~~~~
../src/main.c:91:2: note: previous implicit declaration of 'setGPIO' was here
  setGPIO();
  ^~~~~~~
../src/main.c:176:6: warning: conflicting types for 'drawPixel'
 void drawPixel(int x, int y, int color){
      ^~~~~~~~~
../src/main.c:106:4: note: previous implicit declaration of 'drawPixel' was here
    drawPixel(x, y, 0xFFFFFF);
    ^~~~~~~~~
../src/main.c:215:6: warning: conflicting types for 'waitFor'
 void waitFor(numCycles){
      ^~~~~~~
../src/main.c:103:2: note: previous implicit declaration of 'waitFor' was here
  waitFor(100000);
  ^~~~~~~
../src/main.c: In function 'waitFor':
../src/main.c:215:6: warning: type of 'numCycles' defaults to 'int' [-Wimplicit-int]
 void waitFor(numCycles){
      ^~~~~~~
../src/main.c: At top level:
../src/main.c:259:6: warning: conflicting types for 'updateNumbers'
 void updateNumbers(int number){
      ^~~~~~~~~~~~~
../src/main.c:157:3: note: previous implicit declaration of 'updateNumbers' was here
   updateNumbers(currentValue);
   ^~~~~~~~~~~~~
../src/main.c: In function 'updateNumbers':
../src/main.c:260:2: warning: implicit declaration of function 'drawCenti' [-Wimplicit-function-declaration]
  drawCenti(number, 0, 0);
  ^~~~~~~~~
../src/main.c:261:2: warning: implicit declaration of function 'drawInch' [-Wimplicit-function-declaration]
  drawInch(number, 46, 0);
  ^~~~~~~~
../src/main.c: At top level:
../src/main.c:263:6: warning: conflicting types for 'drawCenti'
 void drawCenti(int number, int xStart, int yStart){
      ^~~~~~~~~
../src/main.c:260:2: note: previous implicit declaration of 'drawCenti' was here
  drawCenti(number, 0, 0);
  ^~~~~~~~~
../src/main.c:267:6: warning: conflicting types for 'drawInch'
 void drawInch(int number, int xStart, int yStart){
      ^~~~~~~~
../src/main.c:261:2: note: previous implicit declaration of 'drawInch' was here
  drawInch(number, 46, 0);
  ^~~~~~~~
'Finished building: ../src/main.c'
' '
'Building target: microblaze.elf'
'Invoking: MicroBlaze gcc linker'
mb-gcc -Wl,-T -Wl,../src/lscript.ld -L../../microblaze_bsp/microblaze_0/lib -mlittle-endian -mcpu=v10.0 -mxl-soft-mul -Wl,--no-relax -Wl,--gc-sections -o "microblaze.elf"  ./src/main.o   -Wl,--start-group,-lxil,-lgcc,-lc,--end-group
'Finished building target: microblaze.elf'
' '
'Invoking: MicroBlaze Print Size'
mb-size microblaze.elf  |tee "microblaze.elf.size"
   text	   data	    bss	    dec	    hex	filename
  11708	   2600	   3180	  17488	   4450	microblaze.elf
'Finished building: microblaze.elf.size'
' '
13:23:00 **** Auto Build of configuration Debug for project microblaze ****
make all 
'Building file: ../src/main.c'
'Invoking: MicroBlaze gcc compiler'
mb-gcc -Wall -O0 -g3 -c -fmessage-length=0 -MT"src/main.o" -I../../microblaze_bsp/microblaze_0/include -mlittle-endian -mcpu=v10.0 -mxl-soft-mul -Wl,--no-relax -ffunction-sections -fdata-sections -MMD -MP -MF"src/main.d" -MT"src/main.o" -o "src/main.o" "../src/main.c"
../src/main.c: In function 'main':
../src/main.c:91:2: warning: implicit declaration of function 'setGPIO' [-Wimplicit-function-declaration]
  setGPIO();
  ^~~~~~~
../src/main.c:103:2: warning: implicit declaration of function 'waitFor' [-Wimplicit-function-declaration]
  waitFor(100000);
  ^~~~~~~
../src/main.c:106:4: warning: implicit declaration of function 'drawPixel' [-Wimplicit-function-declaration]
    drawPixel(x, y, 0xFFFFFF);
    ^~~~~~~~~
../src/main.c:133:30: warning: comparison of constant '67' with boolean expression is always true [-Wbool-compare]
   }else if(40 < currentValue < 67){
                              ^
../src/main.c:133:15: warning: comparisons like 'X<=Y<=Z' do not have their mathematical meaning [-Wparentheses]
   }else if(40 < currentValue < 67){
            ~~~^~~~~~~~~~~~~~
../src/main.c:135:30: warning: comparison of constant '80' with boolean expression is always true [-Wbool-compare]
   }else if(67 < currentValue < 80){
                              ^
../src/main.c:135:15: warning: comparisons like 'X<=Y<=Z' do not have their mathematical meaning [-Wparentheses]
   }else if(67 < currentValue < 80){
            ~~~^~~~~~~~~~~~~~
../src/main.c:137:31: warning: comparison of constant '119' with boolean expression is always true [-Wbool-compare]
   }else if (80 < currentValue < 119) {
                               ^
../src/main.c:137:16: warning: comparisons like 'X<=Y<=Z' do not have their mathematical meaning [-Wparentheses]
   }else if (80 < currentValue < 119) {
             ~~~^~~~~~~~~~~~~~
../src/main.c:139:32: warning: comparison of constant '150' with boolean expression is always true [-Wbool-compare]
   }else if (119 < currentValue < 150) {
                                ^
../src/main.c:139:17: warning: comparisons like 'X<=Y<=Z' do not have their mathematical meaning [-Wparentheses]
   }else if (119 < currentValue < 150) {
             ~~~~^~~~~~~~~~~~~~
../src/main.c:141:32: warning: comparison of constant '207' with boolean expression is always true [-Wbool-compare]
   }else if (150 < currentValue < 207) {
                                ^
../src/main.c:141:17: warning: comparisons like 'X<=Y<=Z' do not have their mathematical meaning [-Wparentheses]
   }else if (150 < currentValue < 207) {
             ~~~~^~~~~~~~~~~~~~
../src/main.c:143:32: warning: comparison of constant '254' with boolean expression is always true [-Wbool-compare]
   }else if (207 < currentValue < 254) {
                                ^
../src/main.c:143:17: warning: comparisons like 'X<=Y<=Z' do not have their mathematical meaning [-Wparentheses]
   }else if (207 < currentValue < 254) {
             ~~~~^~~~~~~~~~~~~~
../src/main.c:145:32: warning: comparison of constant '311' with boolean expression is always true [-Wbool-compare]
   }else if (254 < currentValue < 311) {
                                ^
../src/main.c:145:17: warning: comparisons like 'X<=Y<=Z' do not have their mathematical meaning [-Wparentheses]
   }else if (254 < currentValue < 311) {
             ~~~~^~~~~~~~~~~~~~
../src/main.c:157:3: warning: implicit declaration of function 'updateNumbers' [-Wimplicit-function-declaration]
   updateNumbers(currentValue);
   ^~~~~~~~~~~~~
../src/main.c: At top level:
../src/main.c:163:6: warning: conflicting types for 'setGPIO'
 void setGPIO() {
      ^~~~~~~
../src/main.c:91:2: note: previous implicit declaration of 'setGPIO' was here
  setGPIO();
  ^~~~~~~
../src/main.c:176:6: warning: conflicting types for 'drawPixel'
 void drawPixel(int x, int y, int color){
      ^~~~~~~~~
../src/main.c:106:4: note: previous implicit declaration of 'drawPixel' was here
    drawPixel(x, y, 0xFFFFFF);
    ^~~~~~~~~
../src/main.c:215:6: warning: conflicting types for 'waitFor'
 void waitFor(numCycles){
      ^~~~~~~
../src/main.c:103:2: note: previous implicit declaration of 'waitFor' was here
  waitFor(100000);
  ^~~~~~~
../src/main.c: In function 'waitFor':
../src/main.c:215:6: warning: type of 'numCycles' defaults to 'int' [-Wimplicit-int]
 void waitFor(numCycles){
      ^~~~~~~
../src/main.c: At top level:
../src/main.c:259:6: warning: conflicting types for 'updateNumbers'
 void updateNumbers(int number){
      ^~~~~~~~~~~~~
../src/main.c:157:3: note: previous implicit declaration of 'updateNumbers' was here
   updateNumbers(currentValue);
   ^~~~~~~~~~~~~
../src/main.c: In function 'updateNumbers':
../src/main.c:260:2: warning: implicit declaration of function 'drawCenti' [-Wimplicit-function-declaration]
  drawCenti(number, 0, 0);
  ^~~~~~~~~
../src/main.c:261:2: warning: implicit declaration of function 'drawInch' [-Wimplicit-function-declaration]
  drawInch(number, 46, 0);
  ^~~~~~~~
../src/main.c: At top level:
../src/main.c:263:6: warning: conflicting types for 'drawCenti'
 void drawCenti(int number, int xStart, int yStart){
      ^~~~~~~~~
../src/main.c:260:2: note: previous implicit declaration of 'drawCenti' was here
  drawCenti(number, 0, 0);
  ^~~~~~~~~
../src/main.c:267:6: warning: conflicting types for 'drawInch'
 void drawInch(int number, int xStart, int yStart){
      ^~~~~~~~
../src/main.c:261:2: note: previous implicit declaration of 'drawInch' was here
  drawInch(number, 46, 0);
  ^~~~~~~~
'Finished building: ../src/main.c'
' '
'Building target: microblaze.elf'
'Invoking: MicroBlaze gcc linker'
mb-gcc -Wl,-T -Wl,../src/lscript.ld -L../../microblaze_bsp/microblaze_0/lib -mlittle-endian -mcpu=v10.0 -mxl-soft-mul -Wl,--no-relax -Wl,--gc-sections -o "microblaze.elf"  ./src/main.o   -Wl,--start-group,-lxil,-lgcc,-lc,--end-group
'Finished building target: microblaze.elf'
' '
'Invoking: MicroBlaze Print Size'
mb-size microblaze.elf  |tee "microblaze.elf.size"
   text	   data	    bss	    dec	    hex	filename
  11716	   2600	   3180	  17496	   4458	microblaze.elf
'Finished building: microblaze.elf.size'
' '
13:24:35 **** Auto Build of configuration Debug for project microblaze ****
make all 
'Building file: ../src/main.c'
'Invoking: MicroBlaze gcc compiler'
mb-gcc -Wall -O0 -g3 -c -fmessage-length=0 -MT"src/main.o" -I../../microblaze_bsp/microblaze_0/include -mlittle-endian -mcpu=v10.0 -mxl-soft-mul -Wl,--no-relax -ffunction-sections -fdata-sections -MMD -MP -MF"src/main.d" -MT"src/main.o" -o "src/main.o" "../src/main.c"
../src/main.c: In function 'main':
../src/main.c:91:2: warning: implicit declaration of function 'setGPIO' [-Wimplicit-function-declaration]
  setGPIO();
  ^~~~~~~
../src/main.c:103:2: warning: implicit declaration of function 'waitFor' [-Wimplicit-function-declaration]
  waitFor(100000);
  ^~~~~~~
../src/main.c:106:4: warning: implicit declaration of function 'drawPixel' [-Wimplicit-function-declaration]
    drawPixel(x, y, 0xFFFFFF);
    ^~~~~~~~~
../src/main.c:193:3: warning: implicit declaration of function 'updateNumbers' [-Wimplicit-function-declaration]
   updateNumbers(currentValue);
   ^~~~~~~~~~~~~
../src/main.c: At top level:
../src/main.c:199:6: warning: conflicting types for 'setGPIO'
 void setGPIO() {
      ^~~~~~~
../src/main.c:91:2: note: previous implicit declaration of 'setGPIO' was here
  setGPIO();
  ^~~~~~~
../src/main.c:212:6: warning: conflicting types for 'drawPixel'
 void drawPixel(int x, int y, int color){
      ^~~~~~~~~
../src/main.c:106:4: note: previous implicit declaration of 'drawPixel' was here
    drawPixel(x, y, 0xFFFFFF);
    ^~~~~~~~~
../src/main.c:251:6: warning: conflicting types for 'waitFor'
 void waitFor(numCycles){
      ^~~~~~~
../src/main.c:103:2: note: previous implicit declaration of 'waitFor' was here
  waitFor(100000);
  ^~~~~~~
../src/main.c: In function 'waitFor':
../src/main.c:251:6: warning: type of 'numCycles' defaults to 'int' [-Wimplicit-int]
 void waitFor(numCycles){
      ^~~~~~~
../src/main.c: At top level:
../src/main.c:295:6: warning: conflicting types for 'updateNumbers'
 void updateNumbers(int number){
      ^~~~~~~~~~~~~
../src/main.c:193:3: note: previous implicit declaration of 'updateNumbers' was here
   updateNumbers(currentValue);
   ^~~~~~~~~~~~~
../src/main.c: In function 'updateNumbers':
../src/main.c:296:2: warning: implicit declaration of function 'drawCenti' [-Wimplicit-function-declaration]
  drawCenti(number, 0, 0);
  ^~~~~~~~~
../src/main.c:297:2: warning: implicit declaration of function 'drawInch' [-Wimplicit-function-declaration]
  drawInch(number, 46, 0);
  ^~~~~~~~
../src/main.c: At top level:
../src/main.c:299:6: warning: conflicting types for 'drawCenti'
 void drawCenti(int number, int xStart, int yStart){
      ^~~~~~~~~
../src/main.c:296:2: note: previous implicit declaration of 'drawCenti' was here
  drawCenti(number, 0, 0);
  ^~~~~~~~~
../src/main.c:303:6: warning: conflicting types for 'drawInch'
 void drawInch(int number, int xStart, int yStart){
      ^~~~~~~~
../src/main.c:297:2: note: previous implicit declaration of 'drawInch' was here
  drawInch(number, 46, 0);
  ^~~~~~~~
'Finished building: ../src/main.c'
' '
'Building target: microblaze.elf'
'Invoking: MicroBlaze gcc linker'
mb-gcc -Wl,-T -Wl,../src/lscript.ld -L../../microblaze_bsp/microblaze_0/lib -mlittle-endian -mcpu=v10.0 -mxl-soft-mul -Wl,--no-relax -Wl,--gc-sections -o "microblaze.elf"  ./src/main.o   -Wl,--start-group,-lxil,-lgcc,-lc,--end-group
'Finished building target: microblaze.elf'
' '
'Invoking: MicroBlaze Print Size'
mb-size microblaze.elf  |tee "microblaze.elf.size"
   text	   data	    bss	    dec	    hex	filename
  11660	   2600	   3180	  17440	   4420	microblaze.elf
'Finished building: microblaze.elf.size'
' '
13:24:44 **** Incremental Build of configuration Debug for project microblaze ****
make all 
make: Nothing to be done for `all'.
13:25:38 **** Auto Build of configuration Debug for project microblaze ****
make all 
'Building file: ../src/main.c'
'Invoking: MicroBlaze gcc compiler'
mb-gcc -Wall -O0 -g3 -c -fmessage-length=0 -MT"src/main.o" -I../../microblaze_bsp/microblaze_0/include -mlittle-endian -mcpu=v10.0 -mxl-soft-mul -Wl,--no-relax -ffunction-sections -fdata-sections -MMD -MP -MF"src/main.d" -MT"src/main.o" -o "src/main.o" "../src/main.c"
../src/main.c: In function 'main':
../src/main.c:91:2: warning: implicit declaration of function 'setGPIO' [-Wimplicit-function-declaration]
  setGPIO();
  ^~~~~~~
../src/main.c:103:2: warning: implicit declaration of function 'waitFor' [-Wimplicit-function-declaration]
  waitFor(100000);
  ^~~~~~~
../src/main.c:106:4: warning: implicit declaration of function 'drawPixel' [-Wimplicit-function-declaration]
    drawPixel(x, y, 0xFFFFFF);
    ^~~~~~~~~
../src/main.c:155:31: warning: comparison of constant '80' with boolean expression is always true [-Wbool-compare]
   }else if (40 < currentValue <80) {
                               ^
../src/main.c:155:16: warning: comparisons like 'X<=Y<=Z' do not have their mathematical meaning [-Wparentheses]
   }else if (40 < currentValue <80) {
             ~~~^~~~~~~~~~~~~~
../src/main.c:156:4: error: 'cur' undeclared (first use in this function)
    cur
    ^~~
../src/main.c:156:4: note: each undeclared identifier is reported only once for each function it appears in
../src/main.c:157:3: error: expected ';' before '}' token
   }else if ( < currentValue <) {
   ^
../src/main.c:157:14: error: expected expression before '<' token
   }else if ( < currentValue <) {
              ^
../src/main.c:159:14: error: expected expression before '<' token
   }else if ( < currentValue <) {
              ^
../src/main.c:161:14: error: expected expression before '<' token
   }else if ( < currentValue <) {
              ^
../src/main.c:163:14: error: expected expression before '<' token
   }else if ( < currentValue <) {
              ^
../src/main.c:165:14: error: expected expression before '<' token
   }else if ( < currentValue <) {
              ^
../src/main.c:167:14: error: expected expression before '<' token
   }else if ( < currentValue <) {
              ^
../src/main.c:169:14: error: expected expression before '<' token
   }else if ( < currentValue <) {
              ^
../src/main.c:171:14: error: expected expression before '<' token
   }else if ( < currentValue <) {
              ^
../src/main.c:173:14: error: expected expression before '<' token
   }else if ( < currentValue <) {
              ^
../src/main.c:175:14: error: expected expression before '<' token
   }else if ( < currentValue <) {
              ^
../src/main.c:177:14: error: expected expression before '<' token
   }else if ( < currentValue <) {
              ^
../src/main.c:179:14: error: expected expression before '<' token
   }else if ( < currentValue <) {
              ^
../src/main.c:181:14: error: expected expression before '<' token
   }else if ( < currentValue <) {
              ^
../src/main.c:183:14: error: expected expression before '<' token
   }else if ( < currentValue <) {
              ^
../src/main.c:185:14: error: expected expression before '<' token
   }else if ( < currentValue <) {
              ^
../src/main.c:187:14: error: expected expression before '<' token
   }else if ( < currentValue <) {
              ^
../src/main.c:189:14: error: expected expression before '<' token
   }else if ( < currentValue <) {
              ^
../src/main.c:193:3: warning: implicit declaration of function 'updateNumbers' [-Wimplicit-function-declaration]
   updateNumbers(currentValue);
   ^~~~~~~~~~~~~
../src/main.c: At top level:
../src/main.c:199:6: warning: conflicting types for 'setGPIO'
 void setGPIO() {
      ^~~~~~~
../src/main.c:91:2: note: previous implicit declaration of 'setGPIO' was here
  setGPIO();
  ^~~~~~~
../src/main.c:212:6: warning: conflicting types for 'drawPixel'
 void drawPixel(int x, int y, int color){
      ^~~~~~~~~
../src/main.c:106:4: note: previous implicit declaration of 'drawPixel' was here
    drawPixel(x, y, 0xFFFFFF);
    ^~~~~~~~~
../src/main.c:251:6: warning: conflicting types for 'waitFor'
 void waitFor(numCycles){
      ^~~~~~~
../src/main.c:103:2: note: previous implicit declaration of 'waitFor' was here
  waitFor(100000);
  ^~~~~~~
../src/main.c: In function 'waitFor':
../src/main.c:251:6: warning: type of 'numCycles' defaults to 'int' [-Wimplicit-int]
 void waitFor(numCycles){
      ^~~~~~~
../src/main.c: At top level:
../src/main.c:295:6: warning: conflicting types for 'updateNumbers'
 void updateNumbers(int number){
      ^~~~~~~~~~~~~
../src/main.c:193:3: note: previous implicit declaration of 'updateNumbers' was here
   updateNumbers(currentValue);
   ^~~~~~~~~~~~~
../src/main.c: In function 'updateNumbers':
../src/main.c:296:2: warning: implicit declaration of function 'drawCenti' [-Wimplicit-function-declaration]
  drawCenti(number, 0, 0);
  ^~~~~~~~~
../src/main.c:297:2: warning: implicit declaration of function 'drawInch' [-Wimplicit-function-declaration]
  drawInch(number, 46, 0);
  ^~~~~~~~
../src/main.c: At top level:
../src/main.c:299:6: warning: conflicting types for 'drawCenti'
 void drawCenti(int number, int xStart, int yStart){
      ^~~~~~~~~
../src/main.c:296:2: note: previous implicit declaration of 'drawCenti' was here
  drawCenti(number, 0, 0);
  ^~~~~~~~~
../src/main.c:303:6: warning: conflicting types for 'drawInch'
 void drawInch(int number, int xStart, int yStart){
      ^~~~~~~~
../src/main.c:297:2: note: previous implicit declaration of 'drawInch' was here
  drawInch(number, 46, 0);
  ^~~~~~~~
make: *** [src/main.o] Error 1
13:26:34 **** Auto Build of configuration Debug for project microblaze ****
make all 
'Building file: ../src/main.c'
'Invoking: MicroBlaze gcc compiler'
mb-gcc -Wall -O0 -g3 -c -fmessage-length=0 -MT"src/main.o" -I../../microblaze_bsp/microblaze_0/include -mlittle-endian -mcpu=v10.0 -mxl-soft-mul -Wl,--no-relax -ffunction-sections -fdata-sections -MMD -MP -MF"src/main.d" -MT"src/main.o" -o "src/main.o" "../src/main.c"
../src/main.c: In function 'main':
../src/main.c:91:2: warning: implicit declaration of function 'setGPIO' [-Wimplicit-function-declaration]
  setGPIO();
  ^~~~~~~
../src/main.c:103:2: warning: implicit declaration of function 'waitFor' [-Wimplicit-function-declaration]
  waitFor(100000);
[...]
 void setGPIO() {
      ^~~~~~~
../src/main.c:91:2: note: previous implicit declaration of 'setGPIO' was here
  setGPIO();
  ^~~~~~~
../src/main.c:249:6: warning: conflicting types for 'drawPixel'
 void drawPixel(int x, int y, int color){
      ^~~~~~~~~
../src/main.c:106:4: note: previous implicit declaration of 'drawPixel' was here
    drawPixel(x, y, 0xFFFFFF);
    ^~~~~~~~~
../src/main.c:288:6: warning: conflicting types for 'waitFor'
 void waitFor(numCycles){
      ^~~~~~~
../src/main.c:103:2: note: previous implicit declaration of 'waitFor' was here
  waitFor(100000);
  ^~~~~~~
../src/main.c: In function 'waitFor':
../src/main.c:288:6: warning: type of 'numCycles' defaults to 'int' [-Wimplicit-int]
 void waitFor(numCycles){
      ^~~~~~~
../src/main.c: At top level:
../src/main.c:332:6: warning: conflicting types for 'updateNumbers'
 void updateNumbers(int number){
      ^~~~~~~~~~~~~
../src/main.c:230:3: note: previous implicit declaration of 'updateNumbers' was here
   updateNumbers(currentValue);
   ^~~~~~~~~~~~~
../src/main.c: In function 'updateNumbers':
../src/main.c:333:2: warning: implicit declaration of function 'drawCenti' [-Wimplicit-function-declaration]
  drawCenti(number, 0, 0);
  ^~~~~~~~~
../src/main.c:334:2: warning: implicit declaration of function 'drawInch' [-Wimplicit-function-declaration]
  drawInch(number, 46, 0);
  ^~~~~~~~
../src/main.c: At top level:
../src/main.c:336:6: warning: conflicting types for 'drawCenti'
 void drawCenti(int number, int xStart, int yStart){
      ^~~~~~~~~
../src/main.c:333:2: note: previous implicit declaration of 'drawCenti' was here
  drawCenti(number, 0, 0);
  ^~~~~~~~~
../src/main.c:340:6: warning: conflicting types for 'drawInch'
 void drawInch(int number, int xStart, int yStart){
      ^~~~~~~~
../src/main.c:334:2: note: previous implicit declaration of 'drawInch' was here
  drawInch(number, 46, 0);
  ^~~~~~~~
'Finished building: ../src/main.c'
' '
'Building target: microblaze.elf'
'Invoking: MicroBlaze gcc linker'
mb-gcc -Wl,-T -Wl,../src/lscript.ld -L../../microblaze_bsp/microblaze_0/lib -mlittle-endian -mcpu=v10.0 -mxl-soft-mul -Wl,--no-relax -Wl,--gc-sections -o "microblaze.elf"  ./src/main.o   -Wl,--start-group,-lxil,-lgcc,-lc,--end-group
'Finished building target: microblaze.elf'
' '
'Invoking: MicroBlaze Print Size'
mb-size microblaze.elf  |tee "microblaze.elf.size"
   text	   data	    bss	    dec	    hex	filename
  11724	   2600	   3180	  17504	   4460	microblaze.elf
'Finished building: microblaze.elf.size'
' '
14:27:59 **** Incremental Build of configuration Debug for project microblaze ****
make all 
make: Nothing to be done for `all'.
14:28:40 **** Auto Build of configuration Debug for project microblaze ****
make all 
'Building file: ../src/main.c'
'Invoking: MicroBlaze gcc compiler'
mb-gcc -Wall -O0 -g3 -c -fmessage-length=0 -MT"src/main.o" -I../../microblaze_bsp/microblaze_0/include -mlittle-endian -mcpu=v10.0 -mxl-soft-mul -Wl,--no-relax -ffunction-sections -fdata-sections -MMD -MP -MF"src/main.d" -MT"src/main.o" -o "src/main.o" "../src/main.c"
../src/main.c: In function 'main':
../src/main.c:91:2: warning: implicit declaration of function 'setGPIO' [-Wimplicit-function-declaration]
  setGPIO();
  ^~~~~~~
../src/main.c:103:2: warning: implicit declaration of function 'waitFor' [-Wimplicit-function-declaration]
  waitFor(100000);
  ^~~~~~~
../src/main.c:106:4: warning: implicit declaration of function 'drawPixel' [-Wimplicit-function-declaration]
    drawPixel(x, y, 0xFFFFFF);
    ^~~~~~~~~
../src/main.c:230:3: warning: implicit declaration of function 'updateNumbers' [-Wimplicit-function-declaration]
   updateNumbers(currentValue);
   ^~~~~~~~~~~~~
../src/main.c: At top level:
../src/main.c:236:6: warning: conflicting types for 'setGPIO'
 void setGPIO() {
      ^~~~~~~
../src/main.c:91:2: note: previous implicit declaration of 'setGPIO' was here
  setGPIO();
  ^~~~~~~
../src/main.c:249:6: warning: conflicting types for 'drawPixel'
 void drawPixel(int x, int y, int color){
      ^~~~~~~~~
../src/main.c:106:4: note: previous implicit declaration of 'drawPixel' was here
    drawPixel(x, y, 0xFFFFFF);
    ^~~~~~~~~
../src/main.c:288:6: warning: conflicting types for 'waitFor'
 void waitFor(numCycles){
      ^~~~~~~
../src/main.c:103:2: note: previous implicit declaration of 'waitFor' was here
  waitFor(100000);
  ^~~~~~~
../src/main.c: In function 'waitFor':
../src/main.c:288:6: warning: type of 'numCycles' defaults to 'int' [-Wimplicit-int]
 void waitFor(numCycles){
      ^~~~~~~
../src/main.c: At top level:
../src/main.c:332:6: warning: conflicting types for 'updateNumbers'
 void updateNumbers(int number){
      ^~~~~~~~~~~~~
../src/main.c:230:3: note: previous implicit declaration of 'updateNumbers' was here
   updateNumbers(currentValue);
   ^~~~~~~~~~~~~
../src/main.c: In function 'updateNumbers':
../src/main.c:333:2: warning: implicit declaration of function 'drawCenti' [-Wimplicit-function-declaration]
  drawCenti(number, 0, 0);
  ^~~~~~~~~
../src/main.c:334:2: warning: implicit declaration of function 'drawInch' [-Wimplicit-function-declaration]
  drawInch(number, 46, 0);
  ^~~~~~~~
../src/main.c: At top level:
../src/main.c:336:6: warning: conflicting types for 'drawCenti'
 void drawCenti(int number, int xStart, int yStart){
      ^~~~~~~~~
../src/main.c:333:2: note: previous implicit declaration of 'drawCenti' was here
  drawCenti(number, 0, 0);
  ^~~~~~~~~
../src/main.c:340:6: warning: conflicting types for 'drawInch'
 void drawInch(int number, int xStart, int yStart){
      ^~~~~~~~
../src/main.c:334:2: note: previous implicit declaration of 'drawInch' was here
  drawInch(number, 46, 0);
  ^~~~~~~~
'Finished building: ../src/main.c'
' '
'Building target: microblaze.elf'
'Invoking: MicroBlaze gcc linker'
mb-gcc -Wl,-T -Wl,../src/lscript.ld -L../../microblaze_bsp/microblaze_0/lib -mlittle-endian -mcpu=v10.0 -mxl-soft-mul -Wl,--no-relax -Wl,--gc-sections -o "microblaze.elf"  ./src/main.o   -Wl,--start-group,-lxil,-lgcc,-lc,--end-group
'Finished building target: microblaze.elf'
' '
'Invoking: MicroBlaze Print Size'
mb-size microblaze.elf  |tee "microblaze.elf.size"
   text	   data	    bss	    dec	    hex	filename
  11684	   2600	   3180	  17464	   4438	microblaze.elf
'Finished building: microblaze.elf.size'
' '
14:28:43 **** Incremental Build of configuration Debug for project microblaze ****
make all 
make: Nothing to be done for `all'.
14:30:40 **** Incremental Build of configuration Debug for project microblaze ****
make all 
make: Nothing to be done for `all'.
14:31:04 **** Auto Build of configuration Debug for project microblaze ****
make all 
'Building file: ../src/main.c'
'Invoking: MicroBlaze gcc compiler'
mb-gcc -Wall -O0 -g3 -c -fmessage-length=0 -MT"src/main.o" -I../../microblaze_bsp/microblaze_0/include -mlittle-endian -mcpu=v10.0 -mxl-soft-mul -Wl,--no-relax -ffunction-sections -fdata-sections -MMD -MP -MF"src/main.d" -MT"src/main.o" -o "src/main.o" "../src/main.c"
../src/main.c: In function 'main':
../src/main.c:91:2: warning: implicit declaration of function 'setGPIO' [-Wimplicit-function-declaration]
  setGPIO();
  ^~~~~~~
../src/main.c:103:2: warning: implicit declaration of function 'waitFor' [-Wimplicit-function-declaration]
  waitFor(100000);
  ^~~~~~~
../src/main.c:106:4: warning: implicit declaration of function 'drawPixel' [-Wimplicit-function-declaration]
    drawPixel(x, y, 0xFFFFFF);
    ^~~~~~~~~
../src/main.c:174:31: warning: comparison of constant '50' with boolean expression is always true [-Wbool-compare]
   }else if (40 < currentValue <50) {
                               ^
../src/main.c:174:16: warning: comparisons like 'X<=Y<=Z' do not have their mathematical meaning [-Wparentheses]
   }else if (40 < currentValue <50) {
             ~~~^~~~~~~~~~~~~~
../src/main.c:176:31: warning: comparison of constant '60' with boolean expression is always true [-Wbool-compare]
   }else if (50 < currentValue <60) {
                               ^
../src/main.c:176:16: warning: comparisons like 'X<=Y<=Z' do not have their mathematical meaning [-Wparentheses]
   }else if (50 < currentValue <60) {
             ~~~^~~~~~~~~~~~~~
../src/main.c:178:31: warning: comparison of constant '70' with boolean expression is always true [-Wbool-compare]
   }else if (60 < currentValue <70) {
                               ^
../src/main.c:178:16: warning: comparisons like 'X<=Y<=Z' do not have their mathematical meaning [-Wparentheses]
   }else if (60 < currentValue <70) {
             ~~~^~~~~~~~~~~~~~
../src/main.c:180:31: warning: comparison of constant '80' with boolean expression is always true [-Wbool-compare]
   }else if (70 < currentValue <80) {
                               ^
../src/main.c:180:16: warning: comparisons like 'X<=Y<=Z' do not have their mathematical meaning [-Wparentheses]
   }else if (70 < currentValue <80) {
             ~~~^~~~~~~~~~~~~~
../src/main.c:182:31: warning: comparison of constant '90' with boolean expression is always true [-Wbool-compare]
   }else if (80 < currentValue <90) {
                               ^
../src/main.c:182:16: warning: comparisons like 'X<=Y<=Z' do not have their mathematical meaning [-Wparentheses]
   }else if (80 < currentValue <90) {
             ~~~^~~~~~~~~~~~~~
../src/main.c:184:31: warning: comparison of constant '100' with boolean expression is always true [-Wbool-compare]
   }else if (90 < currentValue <100) {
                               ^
../src/main.c:184:16: warning: comparisons like 'X<=Y<=Z' do not have their mathematical meaning [-Wparentheses]
   }else if (90 < currentValue <100) {
             ~~~^~~~~~~~~~~~~~
../src/main.c:186:32: warning: comparison of constant '110' with boolean expression is always true [-Wbool-compare]
   }else if (100 < currentValue <110) {
                                ^
../src/main.c:186:17: warning: comparisons like 'X<=Y<=Z' do not have their mathematical meaning [-Wparentheses]
   }else if (100 < currentValue <110) {
             ~~~~^~~~~~~~~~~~~~
../src/main.c:188:32: warning: comparison of constant '120' with boolean expression is always true [-Wbool-compare]
   }else if (110 < currentValue <120) {
                                ^
../src/main.c:188:17: warning: comparisons like 'X<=Y<=Z' do not have their mathematical meaning [-Wparentheses]
   }else if (110 < currentValue <120) {
             ~~~~^~~~~~~~~~~~~~
../src/main.c:190:32: warning: comparison of constant '130' with boolean expression is always true [-Wbool-compare]
   }else if (120 < currentValue <130) {
                                ^
../src/main.c:190:17: warning: comparisons like 'X<=Y<=Z' do not have their mathematical meaning [-Wparentheses]
   }else if (120 < currentValue <130) {
             ~~~~^~~~~~~~~~~~~~
../src/main.c:192:32: warning: comparison of constant '140' with boolean expression is always true [-Wbool-compare]
   }else if (130 < currentValue <140) {
                                ^
../src/main.c:192:17: warning: comparisons like 'X<=Y<=Z' do not have their mathematical meaning [-Wparentheses]
   }else if (130 < currentValue <140) {
             ~~~~^~~~~~~~~~~~~~
../src/main.c:194:32: warning: comparison of constant '150' with boolean expression is always true [-Wbool-compare]
   }else if (140 < currentValue <150) {
                                ^
../src/main.c:194:17: warning: comparisons like 'X<=Y<=Z' do not have their mathematical meaning [-Wparentheses]
   }else if (140 < currentValue <150) {
             ~~~~^~~~~~~~~~~~~~
../src/main.c:196:32: warning: comparison of constant '160' with boolean expression is always true [-Wbool-compare]
   }else if (150 < currentValue <160) {
                                ^
../src/main.c:196:17: warning: comparisons like 'X<=Y<=Z' do not have their mathematical meaning [-Wparentheses]
   }else if (150 < currentValue <160) {
             ~~~~^~~~~~~~~~~~~~
../src/main.c:198:32: warning: comparison of constant '170' with boolean expression is always true [-Wbool-compare]
   }else if (160 < currentValue <170) {
                                ^
../src/main.c:198:17: warning: comparisons like 'X<=Y<=Z' do not have their mathematical meaning [-Wparentheses]
   }else if (160 < currentValue <170) {
             ~~~~^~~~~~~~~~~~~~
../src/main.c:200:32: warning: comparison of constant '180' with boolean expression is always true [-Wbool-compare]
   }else if (170 < currentValue <180) {
                                ^
../src/main.c:200:17: warning: comparisons like 'X<=Y<=Z' do not have their mathematical meaning [-Wparentheses]
   }else if (170 < currentValue <180) {
             ~~~~^~~~~~~~~~~~~~
../src/main.c:202:32: warning: comparison of constant '190' with boolean expression is always true [-Wbool-compare]
   }else if (180 < currentValue <190) {
                                ^
../src/main.c:202:17: warning: comparisons like 'X<=Y<=Z' do not have their mathematical meaning [-Wparentheses]
   }else if (180 < currentValue <190) {
             ~~~~^~~~~~~~~~~~~~
../src/main.c:204:32: warning: comparison of constant '200' with boolean expression is always true [-Wbool-compare]
   }else if (190 < currentValue <200) {
                                ^
../src/main.c:204:17: warning: comparisons like 'X<=Y<=Z' do not have their mathematical meaning [-Wparentheses]
   }else if (190 < currentValue <200) {
             ~~~~^~~~~~~~~~~~~~
../src/main.c:206:32: warning: comparison of constant '210' with boolean expression is always true [-Wbool-compare]
   }else if (200 < currentValue <210) {
                                ^
../src/main.c:206:17: warning: comparisons like 'X<=Y<=Z' do not have their mathematical meaning [-Wparentheses]
   }else if (200 < currentValue <210) {
             ~~~~^~~~~~~~~~~~~~
../src/main.c:208:32: warning: comparison of constant '220' with boolean expression is always true [-Wbool-compare]
   }else if (210 < currentValue <220) {
                                ^
../src/main.c:208:17: warning: comparisons like 'X<=Y<=Z' do not have their mathematical meaning [-Wparentheses]
   }else if (210 < currentValue <220) {
             ~~~~^~~~~~~~~~~~~~
../src/main.c:210:32: warning: comparison of constant '230' with boolean expression is always true [-Wbool-compare]
   }else if (220 < currentValue <230) {
                                ^
../src/main.c:210:17: warning: comparisons like 'X<=Y<=Z' do not have their mathematical meaning [-Wparentheses]
   }else if (220 < currentValue <230) {
             ~~~~^~~~~~~~~~~~~~
../src/main.c:212:32: warning: comparison of constant '240' with boolean expression is always true [-Wbool-compare]
   }else if (230 < currentValue <240) {
                                ^
../src/main.c:212:17: warning: comparisons like 'X<=Y<=Z' do not have their mathematical meaning [-Wparentheses]
   }else if (230 < currentValue <240) {
             ~~~~^~~~~~~~~~~~~~
../src/main.c:214:32: warning: comparison of constant '250' with boolean expression is always true [-Wbool-compare]
   }else if (240 < currentValue <250) {
                                ^
../src/main.c:214:17: warning: comparisons like 'X<=Y<=Z' do not have their mathematical meaning [-Wparentheses]
   }else if (240 < currentValue <250) {
             ~~~~^~~~~~~~~~~~~~
../src/main.c:216:32: warning: comparison of constant '260' with boolean expression is always true [-Wbool-compare]
   }else if (250 < currentValue <260) {
                                ^
../src/main.c:216:17: warning: comparisons like 'X<=Y<=Z' do not have their mathematical meaning [-Wparentheses]
   }else if (250 < currentValue <260) {
             ~~~~^~~~~~~~~~~~~~
../src/main.c:218:32: warning: comparison of constant '270' with boolean expression is always true [-Wbool-compare]
   }else if (260 < currentValue <270) {
                                ^
../src/main.c:218:17: warning: comparisons like 'X<=Y<=Z' do not have their mathematical meaning [-Wparentheses]
   }else if (260 < currentValue <270) {
             ~~~~^~~~~~~~~~~~~~
../src/main.c:220:32: warning: comparison of constant '280' with boolean expression is always true [-Wbool-compare]
   }else if (270 < currentValue <280) {
                                ^
../src/main.c:220:17: warning: comparisons like 'X<=Y<=Z' do not have their mathematical meaning [-Wparentheses]
   }else if (270 < currentValue <280) {
             ~~~~^~~~~~~~~~~~~~
../src/main.c:222:32: warning: comparison of constant '290' with boolean expression is always true [-Wbool-compare]
   }else if (280 < currentValue <290) {
                                ^
../src/main.c:222:17: warning: comparisons like 'X<=Y<=Z' do not have their mathematical meaning [-Wparentheses]
   }else if (280 < currentValue <290) {
             ~~~~^~~~~~~~~~~~~~
../src/main.c:230:3: warning: implicit declaration of function 'updateNumbers' [-Wimplicit-function-declaration]
   updateNumbers(currentValue);
   ^~~~~~~~~~~~~
../src/main.c: At top level:
../src/main.c:236:6: warning: conflicting types for 'setGPIO'
 void setGPIO() {
      ^~~~~~~
../src/main.c:91:2: note: previous implicit declaration of 'setGPIO' was here
  setGPIO();
  ^~~~~~~
../src/main.c:249:6: warning: conflicting types for 'drawPixel'
 void drawPixel(int x, int y, int color){
      ^~~~~~~~~
../src/main.c:106:4: note: previous implicit declaration of 'drawPixel' was here
    drawPixel(x, y, 0xFFFFFF);
    ^~~~~~~~~
../src/main.c:288:6: warning: conflicting types for 'waitFor'
 void waitFor(numCycles){
      ^~~~~~~
../src/main.c:103:2: note: previous implicit declaration of 'waitFor' was here
  waitFor(100000);
  ^~~~~~~
../src/main.c: In function 'waitFor':
../src/main.c:288:6: warning: type of 'numCycles' defaults to 'int' [-Wimplicit-int]
 void waitFor(numCycles){
      ^~~~~~~
../src/main.c: At top level:
../src/main.c:332:6: warning: conflicting types for 'updateNumbers'
 void updateNumbers(int number){
      ^~~~~~~~~~~~~
../src/main.c:230:3: note: previous implicit declaration of 'updateNumbers' was here
   updateNumbers(currentValue);
   ^~~~~~~~~~~~~
../src/main.c: In function 'updateNumbers':
../src/main.c:333:2: warning: implicit declaration of function 'drawCenti' [-Wimplicit-function-declaration]
  drawCenti(number, 0, 0);
  ^~~~~~~~~
../src/main.c:334:2: warning: implicit declaration of function 'drawInch' [-Wimplicit-function-declaration]
  drawInch(number, 46, 0);
  ^~~~~~~~
../src/main.c: At top level:
../src/main.c:336:6: warning: conflicting types for 'drawCenti'
 void drawCenti(int number, int xStart, int yStart){
      ^~~~~~~~~
../src/main.c:333:2: note: previous implicit declaration of 'drawCenti' was here
  drawCenti(number, 0, 0);
  ^~~~~~~~~
../src/main.c:340:6: warning: conflicting types for 'drawInch'
 void drawInch(int number, int xStart, int yStart){
      ^~~~~~~~
../src/main.c:334:2: note: previous implicit declaration of 'drawInch' was here
  drawInch(number, 46, 0);
  ^~~~~~~~
'Finished building: ../src/main.c'
' '
'Building target: microblaze.elf'
'Invoking: MicroBlaze gcc linker'
mb-gcc -Wl,-T -Wl,../src/lscript.ld -L../../microblaze_bsp/microblaze_0/lib -mlittle-endian -mcpu=v10.0 -mxl-soft-mul -Wl,--no-relax -Wl,--gc-sections -o "microblaze.elf"  ./src/main.o   -Wl,--start-group,-lxil,-lgcc,-lc,--end-group
'Finished building target: microblaze.elf'
' '
'Invoking: MicroBlaze Print Size'
mb-size microblaze.elf  |tee "microblaze.elf.size"
   text	   data	    bss	    dec	    hex	filename
  11724	   2600	   3180	  17504	   4460	microblaze.elf
'Finished building: microblaze.elf.size'
' '
14:54:09 **** Incremental Build of configuration Debug for project microblaze ****
make all 
make: Nothing to be done for `all'.
16:57:18 **** Incremental Build of configuration Debug for project microblaze ****
make all 
make: Nothing to be done for `all'.
17:00:23 **** Incremental Build of configuration Debug for project microblaze ****
make all 
make: Nothing to be done for `all'.
